Component: Arm Compiler for Embedded 6.19 Tool: armlink [5e73cb00]

==============================================================================

Section Cross References

    startup_stm32f103xb.o(RESET) refers to startup_stm32f103xb.o(STACK) for __initial_sp
    startup_stm32f103xb.o(RESET) refers to startup_stm32f103xb.o(.text) for Reset_Handler
    startup_stm32f103xb.o(RESET) refers to stm32f1xx_it.o(.text.NMI_Handler) for NMI_Handler
    startup_stm32f103xb.o(RESET) refers to stm32f1xx_it.o(.text.HardFault_Handler) for HardFault_Handler
    startup_stm32f103xb.o(RESET) refers to stm32f1xx_it.o(.text.MemManage_Handler) for MemManage_Handler
    startup_stm32f103xb.o(RESET) refers to stm32f1xx_it.o(.text.BusFault_Handler) for BusFault_Handler
    startup_stm32f103xb.o(RESET) refers to stm32f1xx_it.o(.text.UsageFault_Handler) for UsageFault_Handler
    startup_stm32f103xb.o(RESET) refers to stm32f1xx_it.o(.text.SVC_Handler) for SVC_Handler
    startup_stm32f103xb.o(RESET) refers to stm32f1xx_it.o(.text.DebugMon_Handler) for DebugMon_Handler
    startup_stm32f103xb.o(RESET) refers to stm32f1xx_it.o(.text.PendSV_Handler) for PendSV_Handler
    startup_stm32f103xb.o(RESET) refers to stm32f1xx_it.o(.text.SysTick_Handler) for SysTick_Handler
    startup_stm32f103xb.o(RESET) refers to stm32f1xx_it.o(.text.USB_LP_CAN1_RX0_IRQHandler) for USB_LP_CAN1_RX0_IRQHandler
    startup_stm32f103xb.o(RESET) refers to stm32f1xx_it.o(.text.USART2_IRQHandler) for USART2_IRQHandler
    startup_stm32f103xb.o(.text) refers to system_stm32f1xx.o(.text.SystemInit) for SystemInit
    startup_stm32f103xb.o(.text) refers to entry.o(.ARM.Collect$$$$00000000) for __main
    main.o(.ARM.exidx.text.calculate_checksum) refers to main.o(.text.calculate_checksum) for [Anonymous Symbol]
    main.o(.text.package_gps_data) refers to f2d.o(.text) for __aeabi_f2d
    main.o(.text.package_gps_data) refers to main.o(.rodata.str1.1) for .L.str
    main.o(.text.package_gps_data) refers to printfa.o(i.__0sprintf) for __2sprintf
    main.o(.text.package_gps_data) refers to strlen.o(.text) for strlen
    main.o(.ARM.exidx.text.package_gps_data) refers to main.o(.text.package_gps_data) for [Anonymous Symbol]
    main.o(.text.send_gps_data) refers to main.o(.bss..L_MergedGlobals) for .L_MergedGlobals
    main.o(.text.send_gps_data) refers to main.o(.bss.packet) for packet
    main.o(.text.send_gps_data) refers to printfa.o(i.__0sprintf) for __2sprintf
    main.o(.text.send_gps_data) refers to usb_device.o(.bss.hUsbDeviceFS) for hUsbDeviceFS
    main.o(.text.send_gps_data) refers to usbd_customhid.o(.text.USBD_CUSTOM_HID_SendReport) for USBD_CUSTOM_HID_SendReport
    main.o(.ARM.exidx.text.send_gps_data) refers to main.o(.text.send_gps_data) for [Anonymous Symbol]
    main.o(.text.GPS_READ) refers to main.o(.rodata.str1.1) for .L.str.2
    main.o(.text.GPS_READ) refers to uartringbuffer.o(.text.Wait_for) for Wait_for
    main.o(.text.GPS_READ) refers to main.o(.bss..L_MergedGlobals) for .L_MergedGlobals
    main.o(.text.GPS_READ) refers to main.o(.bss.GGA) for GGA
    main.o(.text.GPS_READ) refers to uartringbuffer.o(.text.Copy_upto) for Copy_upto
    main.o(.text.GPS_READ) refers to main.o(.bss.gpsData) for gpsData
    main.o(.text.GPS_READ) refers to nmea.o(.text.decodeGGA) for decodeGGA
    main.o(.text.GPS_READ) refers to main.o(.bss.RMC) for RMC
    main.o(.text.GPS_READ) refers to nmea.o(.text.decodeRMC) for decodeRMC
    main.o(.ARM.exidx.text.GPS_READ) refers to main.o(.text.GPS_READ) for [Anonymous Symbol]
    main.o(.text.main) refers to stm32f1xx_hal.o(.text.HAL_Init) for HAL_Init
    main.o(.text.main) refers to stm32f1xx_hal_rcc.o(.text.HAL_RCC_OscConfig) for HAL_RCC_OscConfig
    main.o(.text.main) refers to stm32f1xx_hal_rcc.o(.text.HAL_RCC_ClockConfig) for HAL_RCC_ClockConfig
    main.o(.text.main) refers to stm32f1xx_hal_rcc_ex.o(.text.HAL_RCCEx_PeriphCLKConfig) for HAL_RCCEx_PeriphCLKConfig
    main.o(.text.main) refers to main.o(.bss.hi2c1) for hi2c1
    main.o(.text.main) refers to stm32f1xx_hal_i2c.o(.text.HAL_I2C_Init) for HAL_I2C_Init
    main.o(.text.main) refers to main.o(.bss.huart2) for huart2
    main.o(.text.main) refers to stm32f1xx_hal_uart.o(.text.HAL_UART_Init) for HAL_UART_Init
    main.o(.text.main) refers to usb_device.o(.text.MX_USB_DEVICE_Init) for MX_USB_DEVICE_Init
    main.o(.text.main) refers to uartringbuffer.o(.text.Ringbuf_init) for Ringbuf_init
    main.o(.text.main) refers to mpu6050.o(.text.MPU6050_Init) for MPU6050_Init
    main.o(.text.main) refers to stm32f1xx_hal.o(.text.HAL_Delay) for HAL_Delay
    main.o(.text.main) refers to main.o(.bss.gpsData) for gpsData
    main.o(.text.main) refers to main.o(.bss..L_MergedGlobals) for .L_MergedGlobals
    main.o(.text.main) refers to main.o(.rodata.str1.1) for .L.str.2
    main.o(.text.main) refers to main.o(.bss.packet) for packet
    main.o(.text.main) refers to printfa.o(i.__0sprintf) for __2sprintf
[...]
    [Anonymous Symbol]                       0x0800308c   Section        0  stm32f1xx_it.o(.text.NMI_Handler)
    [Anonymous Symbol]                       0x08003090   Section        0  stm32f1xx_it.o(.text.PendSV_Handler)
    [Anonymous Symbol]                       0x08003094   Section        0  uartringbuffer.o(.text.Ringbuf_init)
    [Anonymous Symbol]                       0x080030cc   Section        0  stm32f1xx_it.o(.text.SVC_Handler)
    [Anonymous Symbol]                       0x080030d0   Section        0  stm32f1xx_it.o(.text.SysTick_Handler)
    [Anonymous Symbol]                       0x080030e8   Section        0  system_stm32f1xx.o(.text.SystemInit)
    [Anonymous Symbol]                       0x080030ec   Section        0  stm32f1xx_it.o(.text.USART2_IRQHandler)
    USBD_CUSTOM_HID_DataIn                   0x080030f9   Thumb Code    14  usbd_customhid.o(.text.USBD_CUSTOM_HID_DataIn)
    [Anonymous Symbol]                       0x080030f8   Section        0  usbd_customhid.o(.text.USBD_CUSTOM_HID_DataIn)
    USBD_CUSTOM_HID_DataOut                  0x08003109   Thumb Code    36  usbd_customhid.o(.text.USBD_CUSTOM_HID_DataOut)
    [Anonymous Symbol]                       0x08003108   Section        0  usbd_customhid.o(.text.USBD_CUSTOM_HID_DataOut)
    USBD_CUSTOM_HID_DeInit                   0x0800312d   Thumb Code    50  usbd_customhid.o(.text.USBD_CUSTOM_HID_DeInit)
    [Anonymous Symbol]                       0x0800312c   Section        0  usbd_customhid.o(.text.USBD_CUSTOM_HID_DeInit)
    USBD_CUSTOM_HID_EP0_RxReady              0x08003161   Thumb Code    32  usbd_customhid.o(.text.USBD_CUSTOM_HID_EP0_RxReady)
    [Anonymous Symbol]                       0x08003160   Section        0  usbd_customhid.o(.text.USBD_CUSTOM_HID_EP0_RxReady)
    USBD_CUSTOM_HID_GetCfgDesc               0x08003181   Thumb Code    16  usbd_customhid.o(.text.USBD_CUSTOM_HID_GetCfgDesc)
    [Anonymous Symbol]                       0x08003180   Section        0  usbd_customhid.o(.text.USBD_CUSTOM_HID_GetCfgDesc)
    USBD_CUSTOM_HID_GetDeviceQualifierDesc   0x08003191   Thumb Code    16  usbd_customhid.o(.text.USBD_CUSTOM_HID_GetDeviceQualifierDesc)
    [Anonymous Symbol]                       0x08003190   Section        0  usbd_customhid.o(.text.USBD_CUSTOM_HID_GetDeviceQualifierDesc)
    USBD_CUSTOM_HID_Init                     0x080031a1   Thumb Code    72  usbd_customhid.o(.text.USBD_CUSTOM_HID_Init)
    [Anonymous Symbol]                       0x080031a0   Section        0  usbd_customhid.o(.text.USBD_CUSTOM_HID_Init)
    [Anonymous Symbol]                       0x080031e8   Section        0  usbd_customhid.o(.text.USBD_CUSTOM_HID_RegisterInterface)
    [Anonymous Symbol]                       0x080031f8   Section        0  usbd_customhid.o(.text.USBD_CUSTOM_HID_SendReport)
    USBD_CUSTOM_HID_Setup                    0x08003229   Thumb Code   236  usbd_customhid.o(.text.USBD_CUSTOM_HID_Setup)
    [Anonymous Symbol]                       0x08003228   Section        0  usbd_customhid.o(.text.USBD_CUSTOM_HID_Setup)
    [Anonymous Symbol]                       0x08003314   Section        0  usbd_core.o(.text.USBD_ClrClassConfig)
    [Anonymous Symbol]                       0x08003324   Section        0  usbd_ioreq.o(.text.USBD_CtlContinueRx)
    [Anonymous Symbol]                       0x08003334   Section        0  usbd_ioreq.o(.text.USBD_CtlContinueSendData)
    [Anonymous Symbol]                       0x08003344   Section        0  usbd_ctlreq.o(.text.USBD_CtlError)
    [Anonymous Symbol]                       0x0800335c   Section        0  usbd_ioreq.o(.text.USBD_CtlPrepareRx)
    [Anonymous Symbol]                       0x08003378   Section        0  usbd_ioreq.o(.text.USBD_CtlReceiveStatus)
    [Anonymous Symbol]                       0x08003390   Section        0  usbd_ioreq.o(.text.USBD_CtlSendData)
    [Anonymous Symbol]                       0x080033ac   Section        0  usbd_ioreq.o(.text.USBD_CtlSendStatus)
    [Anonymous Symbol]                       0x080033c4   Section        0  usbd_desc.o(.text.USBD_FS_ConfigStrDescriptor)
    [Anonymous Symbol]                       0x080033f0   Section        0  usbd_desc.o(.text.USBD_FS_DeviceDescriptor)
    [Anonymous Symbol]                       0x08003400   Section        0  usbd_desc.o(.text.USBD_FS_InterfaceStrDescriptor)
    [Anonymous Symbol]                       0x08003430   Section        0  usbd_desc.o(.text.USBD_FS_LangIDStrDescriptor)
    [Anonymous Symbol]                       0x08003440   Section        0  usbd_desc.o(.text.USBD_FS_ManufacturerStrDescriptor)
    [Anonymous Symbol]                       0x0800346c   Section        0  usbd_desc.o(.text.USBD_FS_ProductStrDescriptor)
    [Anonymous Symbol]                       0x08003490   Section        0  usbd_desc.o(.text.USBD_FS_SerialStrDescriptor)
    [Anonymous Symbol]                       0x080034b8   Section        0  usbd_ctlreq.o(.text.USBD_GetString)
    [Anonymous Symbol]                       0x08003594   Section        0  usbd_core.o(.text.USBD_Init)
    [Anonymous Symbol]                       0x080035c4   Section        0  usbd_conf.o(.text.USBD_LL_ClearStallEP)
    [Anonymous Symbol]                       0x080035e8   Section        0  usbd_conf.o(.text.USBD_LL_CloseEP)
    [Anonymous Symbol]                       0x0800360c   Section        0  usbd_core.o(.text.USBD_LL_DataInStage)
    [Anonymous Symbol]                       0x080036c0   Section        0  usbd_core.o(.text.USBD_LL_DataOutStage)
    [Anonymous Symbol]                       0x0800372c   Section        0  usbd_conf.o(.text.USBD_LL_Init)
    [Anonymous Symbol]                       0x080037cc   Section        0  usbd_conf.o(.text.USBD_LL_IsStallEP)
    [Anonymous Symbol]                       0x080037ec   Section        0  usbd_conf.o(.text.USBD_LL_OpenEP)
    [Anonymous Symbol]                       0x08003814   Section        0  usbd_conf.o(.text.USBD_LL_PrepareReceive)
    [Anonymous Symbol]                       0x08003838   Section        0  usbd_core.o(.text.USBD_LL_Reset)
    [Anonymous Symbol]                       0x08003878   Section        0  usbd_core.o(.text.USBD_LL_Resume)
    [Anonymous Symbol]                       0x08003888   Section        0  usbd_core.o(.text.USBD_LL_SOF)
    [Anonymous Symbol]                       0x080038a4   Section        0  usbd_core.o(.text.USBD_LL_SetSpeed)
    [Anonymous Symbol]                       0x080038ac   Section        0  usbd_conf.o(.text.USBD_LL_SetUSBAddress)
    [Anonymous Symbol]                       0x080038d0   Section        0  usbd_core.o(.text.USBD_LL_SetupStage)
    [Anonymous Symbol]                       0x08003934   Section        0  usbd_conf.o(.text.USBD_LL_StallEP)
    [Anonymous Symbol]                       0x08003958   Section        0  usbd_conf.o(.text.USBD_LL_Start)
    [Anonymous Symbol]                       0x0800397c   Section        0  usbd_core.o(.text.USBD_LL_Suspend)
    [Anonymous Symbol]                       0x08003990   Section        0  usbd_conf.o(.text.USBD_LL_Transmit)
    [Anonymous Symbol]                       0x080039b4   Section        0  usbd_ctlreq.o(.text.USBD_ParseSetupRequest)
    [Anonymous Symbol]                       0x080039cc   Section        0  usbd_core.o(.text.USBD_RegisterClass)
    [Anonymous Symbol]                       0x080039dc   Section        0  usbd_core.o(.text.USBD_SetClassConfig)
    [Anonymous Symbol]                       0x080039f8   Section        0  usbd_core.o(.text.USBD_Start)
    [Anonymous Symbol]                       0x08003a04   Section        0  usbd_ctlreq.o(.text.USBD_StdDevReq)
    [Anonymous Symbol]                       0x08003c9c   Section        0  usbd_ctlreq.o(.text.USBD_StdEPReq)
    [Anonymous Symbol]                       0x08003dac   Section        0  usbd_ctlreq.o(.text.USBD_StdItfReq)
    [Anonymous Symbol]                       0x08003e08   Section        0  usbd_conf.o(.text.USBD_static_free)
    [Anonymous Symbol]                       0x08003e0c   Section        0  usbd_conf.o(.text.USBD_static_malloc)
    [Anonymous Symbol]                       0x08003e18   Section        0  stm32f1xx_ll_usb.o(.text.USB_ActivateEndpoint)
    [Anonymous Symbol]                       0x08004050   Section        0  stm32f1xx_ll_usb.o(.text.USB_CoreInit)
    [Anonymous Symbol]                       0x08004054   Section        0  stm32f1xx_ll_usb.o(.text.USB_DeactivateEndpoint)
    [Anonymous Symbol]                       0x08004138   Section        0  stm32f1xx_ll_usb.o(.text.USB_DevConnect)
    [Anonymous Symbol]                       0x0800413c   Section        0  stm32f1xx_ll_usb.o(.text.USB_DevDisconnect)
    [Anonymous Symbol]                       0x08004140   Section        0  stm32f1xx_ll_usb.o(.text.USB_DevInit)
    [Anonymous Symbol]                       0x08004168   Section        0  stm32f1xx_ll_usb.o(.text.USB_DisableGlobalInt)
    [Anonymous Symbol]                       0x0800417c   Section        0  stm32f1xx_ll_usb.o(.text.USB_EP0_OutStart)
    [Anonymous Symbol]                       0x08004180   Section        0  stm32f1xx_ll_usb.o(.text.USB_EPClearStall)
    [Anonymous Symbol]                       0x080041fc   Section        0  stm32f1xx_ll_usb.o(.text.USB_EPSetStall)
    [Anonymous Symbol]                       0x08004230   Section        0  stm32f1xx_ll_usb.o(.text.USB_EPStartXfer)
    [Anonymous Symbol]                       0x080044dc   Section        0  stm32f1xx_ll_usb.o(.text.USB_EnableGlobalInt)
    [Anonymous Symbol]                       0x080044f0   Section        0  stm32f1xx_it.o(.text.USB_LP_CAN1_RX0_IRQHandler)
    [Anonymous Symbol]                       0x080044fc   Section        0  stm32f1xx_ll_usb.o(.text.USB_ReadInterrupts)
    [Anonymous Symbol]                       0x08004504   Section        0  stm32f1xx_ll_usb.o(.text.USB_ReadPMA)
    [Anonymous Symbol]                       0x080045a4   Section        0  stm32f1xx_ll_usb.o(.text.USB_SetCurrentMode)
    [Anonymous Symbol]                       0x080045a8   Section        0  stm32f1xx_ll_usb.o(.text.USB_SetDevAddress)
    [Anonymous Symbol]                       0x080045b8   Section        0  uartringbuffer.o(.text.Uart_isr)
    [Anonymous Symbol]                       0x0800463c   Section        0  stm32f1xx_it.o(.text.UsageFault_Handler)
    [Anonymous Symbol]                       0x08004640   Section        0  uartringbuffer.o(.text.Wait_for)
    [Anonymous Symbol]                       0x08004764   Section        0  nmea.o(.text.decodeGGA)
    [Anonymous Symbol]                       0x08004efc   Section        0  nmea.o(.text.decodeRMC)
    [Anonymous Symbol]                       0x080053e4   Section        0  main.o(.text.main)
    i.__0sprintf                             0x08005728   Section        0  printfa.o(i.__0sprintf)
    i.__ARM_fpclassify                       0x08005750   Section        0  fpclassify.o(i.__ARM_fpclassify)
    i.__aeabi_errno_addr                     0x08005778   Section        0  errno.o(i.__aeabi_errno_addr)
    i.__kernel_poly                          0x08005780   Section        0  poly.o(i.__kernel_poly)
    i.__mathlib_dbl_divzero                  0x0800582c   Section        0  dunder.o(i.__mathlib_dbl_divzero)
    i.__mathlib_dbl_infnan2                  0x0800583c   Section        0  dunder.o(i.__mathlib_dbl_infnan2)
    i.__mathlib_dbl_invalid                  0x08005840   Section        0  dunder.o(i.__mathlib_dbl_invalid)
    i.__mathlib_dbl_overflow                 0x0800584c   Section        0  dunder.o(i.__mathlib_dbl_overflow)
    i.__mathlib_dbl_underflow                0x0800585c   Section        0  dunder.o(i.__mathlib_dbl_underflow)
    i.__scatterload_copy                     0x0800586c   Section       14  handlers.o(i.__scatterload_copy)
    i.__scatterload_null                     0x0800587a   Section        2  handlers.o(i.__scatterload_null)
    i.__scatterload_zeroinit                 0x0800587c   Section       14  handlers.o(i.__scatterload_zeroinit)
    i.__set_errno                            0x0800588c   Section        0  errno.o(i.__set_errno)
    _fp_digits                               0x08005899   Thumb Code   366  printfa.o(i._fp_digits)
    i._fp_digits                             0x08005898   Section        0  printfa.o(i._fp_digits)
    _printf_core                             0x08005a1d   Thumb Code  1744  printfa.o(i._printf_core)
    i._printf_core                           0x08005a1c   Section        0  printfa.o(i._printf_core)
    _printf_post_padding                     0x080060f9   Thumb Code    36  printfa.o(i._printf_post_padding)
    i._printf_post_padding                   0x080060f8   Section        0  printfa.o(i._printf_post_padding)
    _printf_pre_padding                      0x0800611d   Thumb Code    46  printfa.o(i._printf_pre_padding)
    i._printf_pre_padding                    0x0800611c   Section        0  printfa.o(i._printf_pre_padding)
    _sputc                                   0x0800614b   Thumb Code    10  printfa.o(i._sputc)
    i._sputc                                 0x0800614a   Section        0  printfa.o(i._sputc)
    i.pow                                    0x08006154   Section        0  pow.o(i.pow)
    i.sqrt                                   0x08006b40   Section        0  sqrt.o(i.sqrt)
    bp                                       0x08006b90   Data          16  pow.o(.constdata)
    .constdata                               0x08006b90   Section      136  pow.o(.constdata)
    dp_h                                     0x08006ba0   Data          16  pow.o(.constdata)
    dp_l                                     0x08006bb0   Data          16  pow.o(.constdata)
    L                                        0x08006bc0   Data          48  pow.o(.constdata)
    P                                        0x08006bf0   Data          40  pow.o(.constdata)
    .constdata                               0x08006c18   Section        8  qnan.o(.constdata)
    .constdata                               0x08006c20   Section      129  ctype_o.o(.constdata)
    table                                    0x08006ca4   Data           4  ctype_o.o(.constdata)
    .constdata                               0x08006ca4   Section        4  ctype_o.o(.constdata)
    HAL_RCC_GetSysClockFreq.aPredivFactorTable 0x08006cc0   Data           2  stm32f1xx_hal_rcc.o(.rodata.HAL_RCC_GetSysClockFreq.aPredivFactorTable)
    [Anonymous Symbol]                       0x08006cc0   Section        0  stm32f1xx_hal_rcc.o(.rodata.HAL_RCC_GetSysClockFreq.aPredivFactorTable)
    HAL_RCC_GetSysClockFreq.aPLLMULFactorTable 0x08006cc2   Data          16  stm32f1xx_hal_rcc.o(.rodata.cst16)
    [Anonymous Symbol]                       0x08006cc2   Section        0  stm32f1xx_hal_rcc.o(.rodata.cst16)
    .L.str.1                                 0x08006cd2   Data           7  main.o(.rodata.str1.1)
    [Anonymous Symbol]                       0x08006cd2   Section        0  main.o(.rodata.str1.1)
    .L.str.3                                 0x08006cd9   Data           2  main.o(.rodata.str1.1)
    .L.str.2                                 0x08006cdb   Data           4  main.o(.rodata.str1.1)
    .L.str.4                                 0x08006cdf   Data           4  main.o(.rodata.str1.1)
    .L.str                                   0x08006ce3   Data          25  main.o(.rodata.str1.1)
    _errno                                   0x20000000   Data           4  errno.o(.data)
    .data                                    0x20000000   Section        4  errno.o(.data)
    .L_MergedGlobals                         0x20000004   Data           8  stm32f1xx_hal.o(.data..L_MergedGlobals)
    [Anonymous Symbol]                       0x20000004   Section        0  stm32f1xx_hal.o(.data..L_MergedGlobals)
    CUSTOM_HID_ReportDesc_FS                 0x2000000c   Data          28  usbd_custom_hid_if.o(.data.CUSTOM_HID_ReportDesc_FS)
    [Anonymous Symbol]                       0x2000000c   Section        0  usbd_custom_hid_if.o(.data.CUSTOM_HID_ReportDesc_FS)
    USBD_CUSTOM_HID_CfgDesc                  0x20000088   Data          41  usbd_customhid.o(.data.USBD_CUSTOM_HID_CfgDesc)
    [Anonymous Symbol]                       0x20000088   Section        0  usbd_customhid.o(.data.USBD_CUSTOM_HID_CfgDesc)
    USBD_CUSTOM_HID_Desc                     0x200000b4   Data           9  usbd_customhid.o(.data.USBD_CUSTOM_HID_Desc)
    [Anonymous Symbol]                       0x200000b4   Section        0  usbd_customhid.o(.data.USBD_CUSTOM_HID_Desc)
    USBD_CUSTOM_HID_DeviceQualifierDesc      0x200000c0   Data          10  usbd_customhid.o(.data.USBD_CUSTOM_HID_DeviceQualifierDesc)
    [Anonymous Symbol]                       0x200000c0   Section        0  usbd_customhid.o(.data.USBD_CUSTOM_HID_DeviceQualifierDesc)
    .L_MergedGlobals                         0x200000f8   Data          76  main.o(.bss..L_MergedGlobals)
    [Anonymous Symbol]                       0x200000f8   Section        0  main.o(.bss..L_MergedGlobals)
    .L_MergedGlobals                         0x20000144   Data          28  nmea.o(.bss..L_MergedGlobals)
    [Anonymous Symbol]                       0x20000144   Section        0  nmea.o(.bss..L_MergedGlobals)
    .L_MergedGlobals                         0x20000160   Data          12  uartringbuffer.o(.bss..L_MergedGlobals)
    [Anonymous Symbol]                       0x20000160   Section        0  uartringbuffer.o(.bss..L_MergedGlobals)
    .L_MergedGlobals                         0x2000016c   Data          40  mpu6050.o(.bss..L_MergedGlobals)
    [Anonymous Symbol]                       0x2000016c   Section        0  mpu6050.o(.bss..L_MergedGlobals)
    USBD_SetConfig.cfgidx                    0x2000025c   Data           1  usbd_ctlreq.o(.bss.USBD_SetConfig.cfgidx)
    [Anonymous Symbol]                       0x2000025c   Section        0  usbd_ctlreq.o(.bss.USBD_SetConfig.cfgidx)
    USBD_static_malloc.mem                   0x20000280   Data          92  usbd_conf.o(.bss.USBD_static_malloc.mem)
    [Anonymous Symbol]                       0x20000280   Section        0  usbd_conf.o(.bss.USBD_static_malloc.mem)
    STACK                                    0x20000ce8   Section     1024  startup_stm32f103xb.o(STACK)

    Global Symbols

    Symbol Name                              Value     Ov Type        Size  Object(Section)

    BuildAttributes$$THM_ISAv4$P$D$K$B$S$PE$A:L22UL41UL21$X:L11$S22US41US21$IEEE1$IW$~IW$USESV6$~STKCKD$USESV7$~SHL$OTIME$ROPI$IEEEX$EBA8$MICROLIB$REQ8$PRES8$EABIv2 0x00000000   Number         0  anon$$obj.o ABSOLUTE
    _printf_a                                0x00000000   Number         0  printfstubs.o ABSOLUTE
    _printf_c                                0x00000000   Number         0  printfstubs.o ABSOLUTE
    _printf_charcount                        0x00000000   Number         0  printfstubs.o ABSOLUTE
    _printf_d                                0x00000000   Number         0  printfstubs.o ABSOLUTE
    _printf_e                                0x00000000   Number         0  printfstubs.o ABSOLUTE
    _printf_f                                0x00000000   Number         0  printfstubs.o ABSOLUTE
    _printf_flags                            0x00000000   Number         0  printfstubs.o ABSOLUTE
    _printf_fp_dec                           0x00000000   Number         0  printfstubs.o ABSOLUTE
    _printf_fp_hex                           0x00000000   Number         0  printfstubs.o ABSOLUTE
    _printf_g                                0x00000000   Number         0  printfstubs.o ABSOLUTE
    _printf_i                                0x00000000   Number         0  printfstubs.o ABSOLUTE
    _printf_int_dec                          0x00000000   Number         0  printfstubs.o ABSOLUTE
    _printf_l                                0x00000000   Number         0  printfstubs.o ABSOLUTE
    _printf_lc                               0x00000000   Number         0  printfstubs.o ABSOLUTE
    _printf_ll                               0x00000000   Number         0  printfstubs.o ABSOLUTE
    _printf_lld                              0x00000000   Number         0  printfstubs.o ABSOLUTE
    _printf_lli                              0x00000000   Number         0  printfstubs.o ABSOLUTE
    _printf_llo                              0x00000000   Number         0  printfstubs.o ABSOLUTE
    _printf_llu                              0x00000000   Number         0  printfstubs.o ABSOLUTE
    _printf_llx                              0x00000000   Number         0  printfstubs.o ABSOLUTE
    _printf_longlong_dec                     0x00000000   Number         0  printfstubs.o ABSOLUTE
    _printf_longlong_hex                     0x00000000   Number         0  printfstubs.o ABSOLUTE
    _printf_longlong_oct                     0x00000000   Number         0  printfstubs.o ABSOLUTE
    _printf_ls                               0x00000000   Number         0  printfstubs.o ABSOLUTE
    _printf_mbtowc                           0x00000000   Number         0  printfstubs.o ABSOLUTE
    _printf_n                                0x00000000   Number         0  printfstubs.o ABSOLUTE
    _printf_o                                0x00000000   Number         0  printfstubs.o ABSOLUTE
    _printf_p                                0x00000000   Number         0  printfstubs.o ABSOLUTE
    _printf_percent                          0x00000000   Number         0  printfstubs.o ABSOLUTE
    _printf_pre_padding                      0x00000000   Number         0  printfstubs.o ABSOLUTE
    _printf_return_value                     0x00000000   Number         0  printfstubs.o ABSOLUTE
    _printf_s                                0x00000000   Number         0  printfstubs.o ABSOLUTE
    _printf_sizespec                         0x00000000   Number         0  printfstubs.o ABSOLUTE
    _printf_str                              0x00000000   Number         0  printfstubs.o ABSOLUTE
    _printf_truncate_signed                  0x00000000   Number         0  printfstubs.o ABSOLUTE
    _printf_truncate_unsigned                0x00000000   Number         0  printfstubs.o ABSOLUTE
    _printf_u                                0x00000000   Number         0  printfstubs.o ABSOLUTE
    _printf_wc                               0x00000000   Number         0  printfstubs.o ABSOLUTE
    _printf_wctomb                           0x00000000   Number         0  printfstubs.o ABSOLUTE
    _printf_widthprec                        0x00000000   Number         0  printfstubs.o ABSOLUTE
    _printf_x                                0x00000000   Number         0  printfstubs.o ABSOLUTE
    __cpp_initialize__aeabi_                  - Undefined Weak Reference
    __cxa_finalize                            - Undefined Weak Reference
    __decompress                              - Undefined Weak Reference
    _clock_init                               - Undefined Weak Reference
    _microlib_exit                            - Undefined Weak Reference
    __Vectors_Size                           0x000000ec   Number         0  startup_stm32f103xb.o ABSOLUTE
    __Vectors                                0x08000000   Data           4  startup_stm32f103xb.o(RESET)
    __Vectors_End                            0x080000ec   Data           0  startup_stm32f103xb.o(RESET)
    __main                                   0x080000ed   Thumb Code     0  entry.o(.ARM.Collect$$$$00000000)
    _main_stk                                0x080000ed   Thumb Code     0  entry2.o(.ARM.Collect$$$$00000001)
    _main_scatterload                        0x080000f1   Thumb Code     0  entry5.o(.ARM.Collect$$$$00000004)
    __main_after_scatterload                 0x080000f5   Thumb Code     0  entry5.o(.ARM.Collect$$$$00000004)
    _main_clock                              0x080000f5   Thumb Code     0  entry7b.o(.ARM.Collect$$$$00000008)
    _main_cpp_init                           0x080000f5   Thumb Code     0  entry8b.o(.ARM.Collect$$$$0000000A)
    _main_init                               0x080000f5   Thumb Code     0  entry9a.o(.ARM.Collect$$$$0000000B)
    __rt_final_cpp                           0x080000fd   Thumb Code     0  entry10a.o(.ARM.Collect$$$$0000000D)
    __rt_final_exit                          0x080000fd   Thumb Code     0  entry11a.o(.ARM.Collect$$$$0000000F)
    Reset_Handler                            0x08000101   Thumb Code     8  startup_stm32f103xb.o(.text)
    ADC1_2_IRQHandler                        0x0800011b   Thumb Code     0  startup_stm32f103xb.o(.text)
    CAN1_RX1_IRQHandler                      0x0800011b   Thumb Code     0  startup_stm32f103xb.o(.text)
    CAN1_SCE_IRQHandler                      0x0800011b   Thumb Code     0  startup_stm32f103xb.o(.text)
    DMA1_Channel1_IRQHandler                 0x0800011b   Thumb Code     0  startup_stm32f103xb.o(.text)
    DMA1_Channel2_IRQHandler                 0x0800011b   Thumb Code     0  startup_stm32f103xb.o(.text)
    DMA1_Channel3_IRQHandler                 0x0800011b   Thumb Code     0  startup_stm32f103xb.o(.text)
    DMA1_Channel4_IRQHandler                 0x0800011b   Thumb Code     0  startup_stm32f103xb.o(.text)
    DMA1_Channel5_IRQHandler                 0x0800011b   Thumb Code     0  startup_stm32f103xb.o(.text)
    DMA1_Channel6_IRQHandler                 0x0800011b   Thumb Code     0  startup_stm32f103xb.o(.text)
    DMA1_Channel7_IRQHandler                 0x0800011b   Thumb Code     0  startup_stm32f103xb.o(.text)
    EXTI0_IRQHandler                         0x0800011b   Thumb Code     0  startup_stm32f103xb.o(.text)
    EXTI15_10_IRQHandler                     0x0800011b   Thumb Code     0  startup_stm32f103xb.o(.text)
    EXTI1_IRQHandler                         0x0800011b   Thumb Code     0  startup_stm32f103xb.o(.text)
    EXTI2_IRQHandler                         0x0800011b   Thumb Code     0  startup_stm32f103xb.o(.text)
    EXTI3_IRQHandler                         0x0800011b   Thumb Code     0  startup_stm32f103xb.o(.text)
    EXTI4_IRQHandler                         0x0800011b   Thumb Code     0  startup_stm32f103xb.o(.text)
    EXTI9_5_IRQHandler                       0x0800011b   Thumb Code     0  startup_stm32f103xb.o(.text)
    FLASH_IRQHandler                         0x0800011b   Thumb Code     0  startup_stm32f103xb.o(.text)
    I2C1_ER_IRQHandler                       0x0800011b   Thumb Code     0  startup_stm32f103xb.o(.text)
    I2C1_EV_IRQHandler                       0x0800011b   Thumb Code     0  startup_stm32f103xb.o(.text)
    I2C2_ER_IRQHandler                       0x0800011b   Thumb Code     0  startup_stm32f103xb.o(.text)
    I2C2_EV_IRQHandler                       0x0800011b   Thumb Code     0  startup_stm32f103xb.o(.text)
    PVD_IRQHandler                           0x0800011b   Thumb Code     0  startup_stm32f103xb.o(.text)
    RCC_IRQHandler                           0x0800011b   Thumb Code     0  startup_stm32f103xb.o(.text)
    RTC_Alarm_IRQHandler                     0x0800011b   Thumb Code     0  startup_stm32f103xb.o(.text)
    RTC_IRQHandler                           0x0800011b   Thumb Code     0  startup_stm32f103xb.o(.text)
    SPI1_IRQHandler                          0x0800011b   Thumb Code     0  startup_stm32f103xb.o(.text)
    SPI2_IRQHandler                          0x0800011b   Thumb Code     0  startup_stm32f103xb.o(.text)
    TAMPER_IRQHandler                        0x0800011b   Thumb Code     0  startup_stm32f103xb.o(.text)
    TIM1_BRK_IRQHandler                      0x0800011b   Thumb Code     0  startup_stm32f103xb.o(.text)
    TIM1_CC_IRQHandler                       0x0800011b   Thumb Code     0  startup_stm32f103xb.o(.text)
    TIM1_TRG_COM_IRQHandler                  0x0800011b   Thumb Code     0  startup_stm32f103xb.o(.text)
    TIM1_UP_IRQHandler                       0x0800011b   Thumb Code     0  startup_stm32f103xb.o(.text)
    TIM2_IRQHandler                          0x0800011b   Thumb Code     0  startup_stm32f103xb.o(.text)
    TIM3_IRQHandler                          0x0800011b   Thumb Code     0  startup_stm32f103xb.o(.text)
    TIM4_IRQHandler                          0x0800011b   Thumb Code     0  startup_stm32f103xb.o(.text)
    USART1_IRQHandler                        0x0800011b   Thumb Code     0  startup_stm32f103xb.o(.text)
    USART3_IRQHandler                        0x0800011b   Thumb Code     0  startup_stm32f103xb.o(.text)
    USBWakeUp_IRQHandler                     0x0800011b   Thumb Code     0  startup_stm32f103xb.o(.text)
    USB_HP_CAN1_TX_IRQHandler                0x0800011b   Thumb Code     0  startup_stm32f103xb.o(.text)
    WWDG_IRQHandler                          0x0800011b   Thumb Code     0  startup_stm32f103xb.o(.text)
    strlen                                   0x08000125   Thumb Code    14  strlen.o(.text)
    atoi                                     0x08000133   Thumb Code    26  atoi.o(.text)
    __aeabi_dadd                             0x0800014d   Thumb Code   322  dadd.o(.text)
    __aeabi_dsub                             0x0800028f   Thumb Code     6  dadd.o(.text)
    __aeabi_drsub                            0x08000295   Thumb Code     6  dadd.o(.text)
    __aeabi_dmul                             0x0800029b   Thumb Code   228  dmul.o(.text)
    __aeabi_ddiv                             0x0800037f   Thumb Code   222  ddiv.o(.text)
    __aeabi_i2d                              0x0800045d   Thumb Code    34  dflti.o(.text)
    __aeabi_f2d                              0x0800047f   Thumb Code    38  f2d.o(.text)
    __aeabi_d2f                              0x080004a5   Thumb Code    56  d2f.o(.text)
    __aeabi_uidiv                            0x080004dd   Thumb Code     0  uidiv.o(.text)
    __aeabi_uidivmod                         0x080004dd   Thumb Code    44  uidiv.o(.text)
    __aeabi_uldivmod                         0x08000509   Thumb Code    98  uldiv.o(.text)
    __aeabi_llsl                             0x0800056b   Thumb Code    30  llshl.o(.text)
    _ll_shift_l                              0x0800056b   Thumb Code     0  llshl.o(.text)
    __aeabi_lasr                             0x08000589   Thumb Code    36  llsshr.o(.text)
    _ll_sshift_r                             0x08000589   Thumb Code     0  llsshr.o(.text)
    strtol                                   0x080005ad   Thumb Code   112  strtol.o(.text)
    __I$use$fp                               0x0800061d   Thumb Code     0  iusefp.o(.text)
    _float_round                             0x0800061d   Thumb Code    18  fepilogue.o(.text)
    _float_epilogue                          0x0800062f   Thumb Code    92  fepilogue.o(.text)
    _double_round                            0x0800068b   Thumb Code    30  depilogue.o(.text)
    _double_epilogue                         0x080006a9   Thumb Code   156  depilogue.o(.text)
    __ARM_scalbn                             0x08000745   Thumb Code    46  dscalb.o(.text)
    scalbn                                   0x08000745   Thumb Code     0  dscalb.o(.text)
    __aeabi_d2ulz                            0x08000773   Thumb Code    48  dfixul.o(.text)
    __aeabi_cdrcmple                         0x080007a5   Thumb Code    48  cdrcmple.o(.text)
    __scatterload                            0x080007d5   Thumb Code    28  init.o(.text)
    __scatterload_rt2                        0x080007d5   Thumb Code     0  init.o(.text)
    __aeabi_llsr                             0x080007f9   Thumb Code    32  llushr.o(.text)
    _ll_ushift_r                             0x080007f9   Thumb Code     0  llushr.o(.text)
    __rt_ctype_table                         0x08000819   Thumb Code     4  ctype_o.o(.text)
    _strtoul                                 0x08000821   Thumb Code   158  _strtoul.o(.text)
    _dsqrt                                   0x080008bf   Thumb Code   162  dsqrt.o(.text)
    _chval                                   0x08000961   Thumb Code    28  _chval.o(.text)
    BusFault_Handler                         0x0800097d   Thumb Code     2  stm32f1xx_it.o(.text.BusFault_Handler)
    Copy_upto                                0x08000b35   Thumb Code   324  uartringbuffer.o(.text.Copy_upto)
    DebugMon_Handler                         0x08000c79   Thumb Code     2  stm32f1xx_it.o(.text.DebugMon_Handler)
    Error_Handler                            0x08000c7d   Thumb Code    10  main.o(.text.Error_Handler)
    HAL_Delay                                0x08000c89   Thumb Code    40  stm32f1xx_hal.o(.text.HAL_Delay)
    HAL_GPIO_Init                            0x08000cb1   Thumb Code   538  stm32f1xx_hal_gpio.o(.text.HAL_GPIO_Init)
    HAL_GetTick                              0x08000ecd   Thumb Code    12  stm32f1xx_hal.o(.text.HAL_GetTick)
    HAL_I2C_Init                             0x08000ed9   Thumb Code   374  stm32f1xx_hal_i2c.o(.text.HAL_I2C_Init)
    HAL_I2C_Mem_Read                         0x08001051   Thumb Code   842  stm32f1xx_hal_i2c.o(.text.HAL_I2C_Mem_Read)
    HAL_I2C_Mem_Write                        0x0800139d   Thumb Code   344  stm32f1xx_hal_i2c.o(.text.HAL_I2C_Mem_Write)
    HAL_I2C_MspInit                          0x080014f5   Thumb Code    98  stm32f1xx_hal_msp.o(.text.HAL_I2C_MspInit)
    HAL_IncTick                              0x08001559   Thumb Code    26  stm32f1xx_hal.o(.text.HAL_IncTick)
    HAL_Init                                 0x08001575   Thumb Code    38  stm32f1xx_hal.o(.text.HAL_Init)
    HAL_InitTick                             0x0800159d   Thumb Code    72  stm32f1xx_hal.o(.text.HAL_InitTick)
    HAL_MspInit                              0x080015e5   Thumb Code    66  stm32f1xx_hal_msp.o(.text.HAL_MspInit)
    HAL_NVIC_EnableIRQ                       0x08001629   Thumb Code    38  stm32f1xx_hal_cortex.o(.text.HAL_NVIC_EnableIRQ)
    HAL_NVIC_SetPriority                     0x08001651   Thumb Code    86  stm32f1xx_hal_cortex.o(.text.HAL_NVIC_SetPriority)
    HAL_NVIC_SetPriorityGrouping             0x080016a9   Thumb Code    32  stm32f1xx_hal_cortex.o(.text.HAL_NVIC_SetPriorityGrouping)
    HAL_PCDEx_PMAConfig                      0x080016c9   Thumb Code    44  stm32f1xx_hal_pcd_ex.o(.text.HAL_PCDEx_PMAConfig)
    HAL_PCDEx_SetConnectionState             0x080016f5   Thumb Code     2  usbd_conf.o(.text.HAL_PCDEx_SetConnectionState)
    HAL_PCD_DataInStageCallback              0x080016f9   Thumb Code    16  usbd_conf.o(.text.HAL_PCD_DataInStageCallback)
    HAL_PCD_DataOutStageCallback             0x08001709   Thumb Code    18  usbd_conf.o(.text.HAL_PCD_DataOutStageCallback)
    HAL_PCD_EP_Close                         0x0800171d   Thumb Code    76  stm32f1xx_hal_pcd.o(.text.HAL_PCD_EP_Close)
    HAL_PCD_EP_ClrStall                      0x08001769   Thumb Code    96  stm32f1xx_hal_pcd.o(.text.HAL_PCD_EP_ClrStall)
    HAL_PCD_EP_Open                          0x080017c9   Thumb Code   100  stm32f1xx_hal_pcd.o(.text.HAL_PCD_EP_Open)
    HAL_PCD_EP_Receive                       0x0800182d   Thumb Code    46  stm32f1xx_hal_pcd.o(.text.HAL_PCD_EP_Receive)
    HAL_PCD_EP_SetStall                      0x0800185d   Thumb Code   114  stm32f1xx_hal_pcd.o(.text.HAL_PCD_EP_SetStall)
    HAL_PCD_EP_Transmit                      0x080018d1   Thumb Code    40  stm32f1xx_hal_pcd.o(.text.HAL_PCD_EP_Transmit)
    HAL_PCD_IRQHandler                       0x080018f9   Thumb Code  1162  stm32f1xx_hal_pcd.o(.text.HAL_PCD_IRQHandler)
    HAL_PCD_Init                             0x08001d85   Thumb Code   228  stm32f1xx_hal_pcd.o(.text.HAL_PCD_Init)
    HAL_PCD_MspInit                          0x08001e69   Thumb Code    70  usbd_conf.o(.text.HAL_PCD_MspInit)
    HAL_PCD_ResetCallback                    0x08001eb1   Thumb Code    26  usbd_conf.o(.text.HAL_PCD_ResetCallback)
    HAL_PCD_ResumeCallback                   0x08001ecd   Thumb Code     8  usbd_conf.o(.text.HAL_PCD_ResumeCallback)
    HAL_PCD_SOFCallback                      0x08001ed5   Thumb Code     8  usbd_conf.o(.text.HAL_PCD_SOFCallback)
    HAL_PCD_SetAddress                       0x08001edd   Thumb Code    40  stm32f1xx_hal_pcd.o(.text.HAL_PCD_SetAddress)
    HAL_PCD_SetupStageCallback               0x08001f05   Thumb Code    14  usbd_conf.o(.text.HAL_PCD_SetupStageCallback)
    HAL_PCD_Start                            0x08001f15   Thumb Code    50  stm32f1xx_hal_pcd.o(.text.HAL_PCD_Start)
    HAL_PCD_SuspendCallback                  0x08001f49   Thumb Code    38  usbd_conf.o(.text.HAL_PCD_SuspendCallback)
    HAL_RCCEx_PeriphCLKConfig                0x08001f71   Thumb Code   266  stm32f1xx_hal_rcc_ex.o(.text.HAL_RCCEx_PeriphCLKConfig)
    HAL_RCC_ClockConfig                      0x0800207d   Thumb Code   446  stm32f1xx_hal_rcc.o(.text.HAL_RCC_ClockConfig)
    HAL_RCC_GetPCLK1Freq                     0x0800223d   Thumb Code    38  stm32f1xx_hal_rcc.o(.text.HAL_RCC_GetPCLK1Freq)
    HAL_RCC_GetPCLK2Freq                     0x08002265   Thumb Code    38  stm32f1xx_hal_rcc.o(.text.HAL_RCC_GetPCLK2Freq)
    HAL_RCC_OscConfig                        0x0800228d   Thumb Code   948  stm32f1xx_hal_rcc.o(.text.HAL_RCC_OscConfig)
    HAL_SYSTICK_Config                       0x08002641   Thumb Code    44  stm32f1xx_hal_cortex.o(.text.HAL_SYSTICK_Config)
    HAL_UART_Init                            0x0800266d   Thumb Code   226  stm32f1xx_hal_uart.o(.text.HAL_UART_Init)
    HAL_UART_MspInit                         0x08002751   Thumb Code   134  stm32f1xx_hal_msp.o(.text.HAL_UART_MspInit)
    HardFault_Handler                        0x080027d9   Thumb Code     2  stm32f1xx_it.o(.text.HardFault_Handler)
    MPU6050_Init                             0x08002e81   Thumb Code   160  mpu6050.o(.text.MPU6050_Init)
    MPU6050_Read_Accel                       0x08002f21   Thumb Code   146  mpu6050.o(.text.MPU6050_Read_Accel)
    MPU6050_Read_Gyro                        0x08002fb5   Thumb Code   148  mpu6050.o(.text.MPU6050_Read_Gyro)
    MX_USB_DEVICE_Init                       0x08003049   Thumb Code    64  usb_device.o(.text.MX_USB_DEVICE_Init)
    MemManage_Handler                        0x08003089   Thumb Code     2  stm32f1xx_it.o(.text.MemManage_Handler)
    NMI_Handler                              0x0800308d   Thumb Code     2  stm32f1xx_it.o(.text.NMI_Handler)
    PendSV_Handler                           0x08003091   Thumb Code     2  stm32f1xx_it.o(.text.PendSV_Handler)
    Ringbuf_init                             0x08003095   Thumb Code    56  uartringbuffer.o(.text.Ringbuf_init)
    SVC_Handler                              0x080030cd   Thumb Code     2  stm32f1xx_it.o(.text.SVC_Handler)
    SysTick_Handler                          0x080030d1   Thumb Code    22  stm32f1xx_it.o(.text.SysTick_Handler)
    SystemInit                               0x080030e9   Thumb Code     2  system_stm32f1xx.o(.text.SystemInit)
    USART2_IRQHandler                        0x080030ed   Thumb Code    12  stm32f1xx_it.o(.text.USART2_IRQHandler)
    USBD_CUSTOM_HID_RegisterInterface        0x080031e9   Thumb Code    14  usbd_customhid.o(.text.USBD_CUSTOM_HID_RegisterInterface)
    USBD_CUSTOM_HID_SendReport               0x080031f9   Thumb Code    46  usbd_customhid.o(.text.USBD_CUSTOM_HID_SendReport)
    USBD_ClrClassConfig                      0x08003315   Thumb Code    14  usbd_core.o(.text.USBD_ClrClassConfig)
    USBD_CtlContinueRx                       0x08003325   Thumb Code    16  usbd_ioreq.o(.text.USBD_CtlContinueRx)
    USBD_CtlContinueSendData                 0x08003335   Thumb Code    16  usbd_ioreq.o(.text.USBD_CtlContinueSendData)
    USBD_CtlError                            0x08003345   Thumb Code    22  usbd_ctlreq.o(.text.USBD_CtlError)
    USBD_CtlPrepareRx                        0x0800335d   Thumb Code    26  usbd_ioreq.o(.text.USBD_CtlPrepareRx)
    USBD_CtlReceiveStatus                    0x08003379   Thumb Code    22  usbd_ioreq.o(.text.USBD_CtlReceiveStatus)
    USBD_CtlSendData                         0x08003391   Thumb Code    26  usbd_ioreq.o(.text.USBD_CtlSendData)
    USBD_CtlSendStatus                       0x080033ad   Thumb Code    22  usbd_ioreq.o(.text.USBD_CtlSendStatus)
    USBD_FS_ConfigStrDescriptor              0x080033c5   Thumb Code    24  usbd_desc.o(.text.USBD_FS_ConfigStrDescriptor)
    USBD_FS_DeviceDescriptor                 0x080033f1   Thumb Code    14  usbd_desc.o(.text.USBD_FS_DeviceDescriptor)
    USBD_FS_InterfaceStrDescriptor           0x08003401   Thumb Code    24  usbd_desc.o(.text.USBD_FS_InterfaceStrDescriptor)
    USBD_FS_LangIDStrDescriptor              0x08003431   Thumb Code    14  usbd_desc.o(.text.USBD_FS_LangIDStrDescriptor)
    USBD_FS_ManufacturerStrDescriptor        0x08003441   Thumb Code    24  usbd_desc.o(.text.USBD_FS_ManufacturerStrDescriptor)
    USBD_FS_ProductStrDescriptor             0x0800346d   Thumb Code    24  usbd_desc.o(.text.USBD_FS_ProductStrDescriptor)
    USBD_FS_SerialStrDescriptor              0x08003491   Thumb Code    24  usbd_desc.o(.text.USBD_FS_SerialStrDescriptor)
    USBD_GetString                           0x080034b9   Thumb Code   218  usbd_ctlreq.o(.text.USBD_GetString)
    USBD_Init                                0x08003595   Thumb Code    48  usbd_core.o(.text.USBD_Init)
    USBD_LL_ClearStallEP                     0x080035c5   Thumb Code    34  usbd_conf.o(.text.USBD_LL_ClearStallEP)
    USBD_LL_CloseEP                          0x080035e9   Thumb Code    34  usbd_conf.o(.text.USBD_LL_CloseEP)
    USBD_LL_DataInStage                      0x0800360d   Thumb Code   178  usbd_core.o(.text.USBD_LL_DataInStage)
    USBD_LL_DataOutStage                     0x080036c1   Thumb Code   106  usbd_core.o(.text.USBD_LL_DataOutStage)
    USBD_LL_Init                             0x0800372d   Thumb Code   124  usbd_conf.o(.text.USBD_LL_Init)
    USBD_LL_IsStallEP                        0x080037cd   Thumb Code    30  usbd_conf.o(.text.USBD_LL_IsStallEP)
    USBD_LL_OpenEP                           0x080037ed   Thumb Code    40  usbd_conf.o(.text.USBD_LL_OpenEP)
    USBD_LL_PrepareReceive                   0x08003815   Thumb Code    34  usbd_conf.o(.text.USBD_LL_PrepareReceive)
    USBD_LL_Reset                            0x08003839   Thumb Code    62  usbd_core.o(.text.USBD_LL_Reset)
    USBD_LL_Resume                           0x08003879   Thumb Code    14  usbd_core.o(.text.USBD_LL_Resume)
    USBD_LL_SOF                              0x08003889   Thumb Code    26  usbd_core.o(.text.USBD_LL_SOF)
    USBD_LL_SetSpeed                         0x080038a5   Thumb Code     8  usbd_core.o(.text.USBD_LL_SetSpeed)
    USBD_LL_SetUSBAddress                    0x080038ad   Thumb Code    34  usbd_conf.o(.text.USBD_LL_SetUSBAddress)
    USBD_LL_SetupStage                       0x080038d1   Thumb Code    98  usbd_core.o(.text.USBD_LL_SetupStage)
    USBD_LL_StallEP                          0x08003935   Thumb Code    34  usbd_conf.o(.text.USBD_LL_StallEP)
    USBD_LL_Start                            0x08003959   Thumb Code    34  usbd_conf.o(.text.USBD_LL_Start)
    USBD_LL_Suspend                          0x0800397d   Thumb Code    20  usbd_core.o(.text.USBD_LL_Suspend)
    USBD_LL_Transmit                         0x08003991   Thumb Code    34  usbd_conf.o(.text.USBD_LL_Transmit)
    USBD_ParseSetupRequest                   0x080039b5   Thumb Code    22  usbd_ctlreq.o(.text.USBD_ParseSetupRequest)
    USBD_RegisterClass                       0x080039cd   Thumb Code    14  usbd_core.o(.text.USBD_RegisterClass)
    USBD_SetClassConfig                      0x080039dd   Thumb Code    28  usbd_core.o(.text.USBD_SetClassConfig)
    USBD_Start                               0x080039f9   Thumb Code    10  usbd_core.o(.text.USBD_Start)
    USBD_StdDevReq                           0x08003a05   Thumb Code   664  usbd_ctlreq.o(.text.USBD_StdDevReq)
    USBD_StdEPReq                            0x08003c9d   Thumb Code   270  usbd_ctlreq.o(.text.USBD_StdEPReq)
    USBD_StdItfReq                           0x08003dad   Thumb Code    92  usbd_ctlreq.o(.text.USBD_StdItfReq)
    USBD_static_free                         0x08003e09   Thumb Code     2  usbd_conf.o(.text.USBD_static_free)
    USBD_static_malloc                       0x08003e0d   Thumb Code    10  usbd_conf.o(.text.USBD_static_malloc)
    USB_ActivateEndpoint                     0x08003e19   Thumb Code   568  stm32f1xx_ll_usb.o(.text.USB_ActivateEndpoint)
    USB_CoreInit                             0x08004051   Thumb Code     4  stm32f1xx_ll_usb.o(.text.USB_CoreInit)
    USB_DeactivateEndpoint                   0x08004055   Thumb Code   226  stm32f1xx_ll_usb.o(.text.USB_DeactivateEndpoint)
    USB_DevConnect                           0x08004139   Thumb Code     4  stm32f1xx_ll_usb.o(.text.USB_DevConnect)
    USB_DevDisconnect                        0x0800413d   Thumb Code     4  stm32f1xx_ll_usb.o(.text.USB_DevDisconnect)
    USB_DevInit                              0x08004141   Thumb Code    38  stm32f1xx_ll_usb.o(.text.USB_DevInit)
    USB_DisableGlobalInt                     0x08004169   Thumb Code    20  stm32f1xx_ll_usb.o(.text.USB_DisableGlobalInt)
    USB_EP0_OutStart                         0x0800417d   Thumb Code     4  stm32f1xx_ll_usb.o(.text.USB_EP0_OutStart)
    USB_EPClearStall                         0x08004181   Thumb Code   124  stm32f1xx_ll_usb.o(.text.USB_EPClearStall)
    USB_EPSetStall                           0x080041fd   Thumb Code    50  stm32f1xx_ll_usb.o(.text.USB_EPSetStall)
    USB_EPStartXfer                          0x08004231   Thumb Code   682  stm32f1xx_ll_usb.o(.text.USB_EPStartXfer)
    USB_EnableGlobalInt                      0x080044dd   Thumb Code    18  stm32f1xx_ll_usb.o(.text.USB_EnableGlobalInt)
    USB_LP_CAN1_RX0_IRQHandler               0x080044f1   Thumb Code    12  stm32f1xx_it.o(.text.USB_LP_CAN1_RX0_IRQHandler)
    USB_ReadInterrupts                       0x080044fd   Thumb Code     6  stm32f1xx_ll_usb.o(.text.USB_ReadInterrupts)
    USB_ReadPMA                              0x08004505   Thumb Code   160  stm32f1xx_ll_usb.o(.text.USB_ReadPMA)
    USB_SetCurrentMode                       0x080045a5   Thumb Code     4  stm32f1xx_ll_usb.o(.text.USB_SetCurrentMode)
    USB_SetDevAddress                        0x080045a9   Thumb Code    14  stm32f1xx_ll_usb.o(.text.USB_SetDevAddress)
    Uart_isr                                 0x080045b9   Thumb Code   130  uartringbuffer.o(.text.Uart_isr)
    UsageFault_Handler                       0x0800463d   Thumb Code     2  stm32f1xx_it.o(.text.UsageFault_Handler)
    Wait_for                                 0x08004641   Thumb Code   292  uartringbuffer.o(.text.Wait_for)
    decodeGGA                                0x08004765   Thumb Code  1942  nmea.o(.text.decodeGGA)
    decodeRMC                                0x08004efd   Thumb Code  1254  nmea.o(.text.decodeRMC)
    main                                     0x080053e5   Thumb Code   836  main.o(.text.main)
    __0sprintf                               0x08005729   Thumb Code    34  printfa.o(i.__0sprintf)
    __1sprintf                               0x08005729   Thumb Code     0  printfa.o(i.__0sprintf)
    __2sprintf                               0x08005729   Thumb Code     0  printfa.o(i.__0sprintf)
    __c89sprintf                             0x08005729   Thumb Code     0  printfa.o(i.__0sprintf)
    sprintf                                  0x08005729   Thumb Code     0  printfa.o(i.__0sprintf)
    __ARM_fpclassify                         0x08005751   Thumb Code    40  fpclassify.o(i.__ARM_fpclassify)
    __aeabi_errno_addr                       0x08005779   Thumb Code     4  errno.o(i.__aeabi_errno_addr)
    __rt_errno_addr                          0x08005779   Thumb Code     0  errno.o(i.__aeabi_errno_addr)
    __kernel_poly                            0x08005781   Thumb Code   170  poly.o(i.__kernel_poly)
    __mathlib_dbl_divzero                    0x0800582d   Thumb Code    12  dunder.o(i.__mathlib_dbl_divzero)
    __mathlib_dbl_infnan2                    0x0800583d   Thumb Code     4  dunder.o(i.__mathlib_dbl_infnan2)
    __mathlib_dbl_invalid                    0x08005841   Thumb Code    12  dunder.o(i.__mathlib_dbl_invalid)
    __mathlib_dbl_overflow                   0x0800584d   Thumb Code    14  dunder.o(i.__mathlib_dbl_overflow)
    __mathlib_dbl_underflow                  0x0800585d   Thumb Code    10  dunder.o(i.__mathlib_dbl_underflow)
    __scatterload_copy                       0x0800586d   Thumb Code    14  handlers.o(i.__scatterload_copy)
    __scatterload_null                       0x0800587b   Thumb Code     2  handlers.o(i.__scatterload_null)
    __scatterload_zeroinit                   0x0800587d   Thumb Code    14  handlers.o(i.__scatterload_zeroinit)
    __set_errno                              0x0800588d   Thumb Code     6  errno.o(i.__set_errno)
    pow                                      0x08006155   Thumb Code  2532  pow.o(i.pow)
    sqrt                                     0x08006b41   Thumb Code    76  sqrt.o(i.sqrt)
    __mathlib_zero                           0x08006c18   Data           8  qnan.o(.constdata)
    __ctype_table                            0x08006c20   Data         129  ctype_o.o(.constdata)
    AHBPrescTable                            0x08006ca8   Data          16  system_stm32f1xx.o(.rodata.AHBPrescTable)
    APBPrescTable                            0x08006cb8   Data           8  system_stm32f1xx.o(.rodata.APBPrescTable)
    Region$$Table$$Base                      0x08006cfc   Number         0  anon$$obj.o(Region$$Table)
    Region$$Table$$Limit                     0x08006d1c   Number         0  anon$$obj.o(Region$$Table)
    uwTickFreq                               0x20000004   Data           1  stm32f1xx_hal.o(.data..L_MergedGlobals)
    uwTickPrio                               0x20000008   Data           4  stm32f1xx_hal.o(.data..L_MergedGlobals)
    FS_Desc                                  0x20000028   Data          28  usbd_desc.o(.data.FS_Desc)
    GMT                                      0x20000044   Data           4  nmea.o(.data.GMT)
    SystemCoreClock                          0x20000048   Data           4  system_stm32f1xx.o(.data.SystemCoreClock)
    USBD_CUSTOM_HID                          0x2000004c   Data          60  usbd_customhid.o(.data.USBD_CUSTOM_HID)
    USBD_CustomHID_fops_FS                   0x200000cc   Data          16  usbd_custom_hid_if.o(.data.USBD_CustomHID_fops_FS)
    USBD_FS_DeviceDesc                       0x200000dc   Data          18  usbd_desc.o(.data.USBD_FS_DeviceDesc)
    USBD_LangIDDesc                          0x200000f0   Data           4  usbd_desc.o(.data.USBD_LangIDDesc)
    time_current                             0x200000f8   Data           4  main.o(.bss..L_MergedGlobals)
    flagGGA                                  0x200000fc   Data           4  main.o(.bss..L_MergedGlobals)
    flagRMC                                  0x20000100   Data           4  main.o(.bss..L_MergedGlobals)
    USB_TX_Buffer                            0x20000104   Data          64  main.o(.bss..L_MergedGlobals)
    inx                                      0x20000144   Data           4  nmea.o(.bss..L_MergedGlobals)
    hr                                       0x20000148   Data           4  nmea.o(.bss..L_MergedGlobals)
    min                                      0x2000014c   Data           4  nmea.o(.bss..L_MergedGlobals)
    day                                      0x20000150   Data           4  nmea.o(.bss..L_MergedGlobals)
    mon                                      0x20000154   Data           4  nmea.o(.bss..L_MergedGlobals)
    yr                                       0x20000158   Data           4  nmea.o(.bss..L_MergedGlobals)
    daychange                                0x2000015c   Data           4  nmea.o(.bss..L_MergedGlobals)
    timeout                                  0x20000160   Data           2  uartringbuffer.o(.bss..L_MergedGlobals)
    _rx_buffer                               0x20000164   Data           4  uartringbuffer.o(.bss..L_MergedGlobals)
    _tx_buffer                               0x20000168   Data           4  uartringbuffer.o(.bss..L_MergedGlobals)
    Accel_X_RAW                              0x2000016c   Data           2  mpu6050.o(.bss..L_MergedGlobals)
    Accel_Y_RAW                              0x2000016e   Data           2  mpu6050.o(.bss..L_MergedGlobals)
    Accel_Z_RAW                              0x20000170   Data           2  mpu6050.o(.bss..L_MergedGlobals)
    Gyro_X_RAW                               0x20000172   Data           2  mpu6050.o(.bss..L_MergedGlobals)
    Gyro_Y_RAW                               0x20000174   Data           2  mpu6050.o(.bss..L_MergedGlobals)
    Gyro_Z_RAW                               0x20000176   Data           2  mpu6050.o(.bss..L_MergedGlobals)
    Vx                                       0x20000178   Data           4  mpu6050.o(.bss..L_MergedGlobals)
    Ax                                       0x2000017c   Data           4  mpu6050.o(.bss..L_MergedGlobals)
    Ay                                       0x20000180   Data           4  mpu6050.o(.bss..L_MergedGlobals)
    Az                                       0x20000184   Data           4  mpu6050.o(.bss..L_MergedGlobals)
    Gx                                       0x20000188   Data           4  mpu6050.o(.bss..L_MergedGlobals)
    Gy                                       0x2000018c   Data           4  mpu6050.o(.bss..L_MergedGlobals)
    Gz                                       0x20000190   Data           4  mpu6050.o(.bss..L_MergedGlobals)
    GGA                                      0x20000194   Data         100  main.o(.bss.GGA)
    RMC                                      0x200001f8   Data         100  main.o(.bss.RMC)
    USBD_StrDesc                             0x20000260   Data          32  usbd_desc.o(.bss.USBD_StrDesc)
    USB_RX_Buffer                            0x200002dc   Data          65  usbd_custom_hid_if.o(.bss.USB_RX_Buffer)
    gpsData                                  0x20000320   Data          68  main.o(.bss.gpsData)
    hUsbDeviceFS                             0x20000364   Data         548  usb_device.o(.bss.hUsbDeviceFS)
    hi2c1                                    0x20000588   Data          84  main.o(.bss.hi2c1)
    hpcd_USB_FS                              0x200005dc   Data         620  usbd_conf.o(.bss.hpcd_USB_FS)
    huart2                                   0x20000848   Data          72  main.o(.bss.huart2)
    packet                                   0x20000890   Data          64  main.o(.bss.packet)
    rx_buffer                                0x200008d0   Data         520  uartringbuffer.o(.bss.rx_buffer)
    tx_buffer                                0x20000ad8   Data         520  uartringbuffer.o(.bss.tx_buffer)
    uwTick                                   0x20000ce0   Data           4  stm32f1xx_hal.o(.bss.uwTick)
    __initial_sp                             0x200010e8   Data           0  startup_stm32f103xb.o(STACK)



==============================================================================

Memory Map of the image

  Image Entry point : 0x080000ed

  Load Region LR_IROM1 (Base: 0x08000000, Size: 0x00006e18, Max: 0x00010000, ABSOLUTE)

    Execution Region ER_IROM1 (Exec base: 0x08000000, Load base: 0x08000000, Size: 0x00006d1c, Max: 0x00010000, ABSOLUTE)

    Exec Addr    Load Addr    Size         Type   Attr      Idx    E Section Name        Object

    0x08000000   0x08000000   0x000000ec   Data   RO            3    RESET               startup_stm32f103xb.o
    0x080000ec   0x080000ec   0x00000000   Code   RO         1211  * .ARM.Collect$$$$00000000  mc_w.l(entry.o)
    0x080000ec   0x080000ec   0x00000004   Code   RO         1518    .ARM.Collect$$$$00000001  mc_w.l(entry2.o)
    0x080000f0   0x080000f0   0x00000004   Code   RO         1521    .ARM.Collect$$$$00000004  mc_w.l(entry5.o)
    0x080000f4   0x080000f4   0x00000000   Code   RO         1523    .ARM.Collect$$$$00000008  mc_w.l(entry7b.o)
    0x080000f4   0x080000f4   0x00000000   Code   RO         1525    .ARM.Collect$$$$0000000A  mc_w.l(entry8b.o)
    0x080000f4   0x080000f4   0x00000008   Code   RO         1526    .ARM.Collect$$$$0000000B  mc_w.l(entry9a.o)
    0x080000fc   0x080000fc   0x00000000   Code   RO         1528    .ARM.Collect$$$$0000000D  mc_w.l(entry10a.o)
    0x080000fc   0x080000fc   0x00000000   Code   RO         1530    .ARM.Collect$$$$0000000F  mc_w.l(entry11a.o)
    0x080000fc   0x080000fc   0x00000004   Code   RO         1519    .ARM.Collect$$$$00002712  mc_w.l(entry2.o)
    0x08000100   0x08000100   0x00000024   Code   RO            4    .text               startup_stm32f103xb.o
    0x08000124   0x08000124   0x0000000e   Code   RO         1216    .text               mc_w.l(strlen.o)
    0x08000132   0x08000132   0x0000001a   Code   RO         1479    .text               mc_w.l(atoi.o)
    0x0800014c   0x0800014c   0x0000014e   Code   RO         1483    .text               mf_w.l(dadd.o)
    0x0800029a   0x0800029a   0x000000e4   Code   RO         1485    .text               mf_w.l(dmul.o)
    0x0800037e   0x0800037e   0x000000de   Code   RO         1487    .text               mf_w.l(ddiv.o)
    0x0800045c   0x0800045c   0x00000022   Code   RO         1489    .text               mf_w.l(dflti.o)
    0x0800047e   0x0800047e   0x00000026   Code   RO         1491    .text               mf_w.l(f2d.o)
    0x080004a4   0x080004a4   0x00000038   Code   RO         1493    .text               mf_w.l(d2f.o)
    0x080004dc   0x080004dc   0x0000002c   Code   RO         1546    .text               mc_w.l(uidiv.o)
    0x08000508   0x08000508   0x00000062   Code   RO         1548    .text               mc_w.l(uldiv.o)
    0x0800056a   0x0800056a   0x0000001e   Code   RO         1550    .text               mc_w.l(llshl.o)
    0x08000588   0x08000588   0x00000024   Code   RO         1552    .text               mc_w.l(llsshr.o)
    0x080005ac   0x080005ac   0x00000070   Code   RO         1561    .text               mc_w.l(strtol.o)
    0x0800061c   0x0800061c   0x00000000   Code   RO         1563    .text               mc_w.l(iusefp.o)
    0x0800061c   0x0800061c   0x0000006e   Code   RO         1564    .text               mf_w.l(fepilogue.o)
    0x0800068a   0x0800068a   0x000000ba   Code   RO         1566    .text               mf_w.l(depilogue.o)
    0x08000744   0x08000744   0x0000002e   Code   RO         1568    .text               mf_w.l(dscalb.o)
    0x08000772   0x08000772   0x00000030   Code   RO         1570    .text               mf_w.l(dfixul.o)
    0x080007a2   0x080007a2   0x00000002   PAD
    0x080007a4   0x080007a4   0x00000030   Code   RO         1572    .text               mf_w.l(cdrcmple.o)
    0x080007d4   0x080007d4   0x00000024   Code   RO         1574    .text               mc_w.l(init.o)
    0x080007f8   0x080007f8   0x00000020   Code   RO         1577    .text               mc_w.l(llushr.o)
    0x08000818   0x08000818   0x00000008   Code   RO         1579    .text               mc_w.l(ctype_o.o)
    0x08000820   0x08000820   0x0000009e   Code   RO         1607    .text               mc_w.l(_strtoul.o)
    0x080008be   0x080008be   0x000000a2   Code   RO         1610    .text               mf_w.l(dsqrt.o)
    0x08000960   0x08000960   0x0000001c   Code   RO         1612    .text               mc_w.l(_chval.o)
    0x0800097c   0x0800097c   0x00000002   Code   RO           49    .text.BusFault_Handler  stm32f1xx_it.o
    0x0800097e   0x0800097e   0x00000002   PAD
    0x08000980   0x08000980   0x00000004   Code   RO          219    .text.CUSTOM_HID_DeInit_FS  usbd_custom_hid_if.o
    0x08000984   0x08000984   0x00000004   Code   RO          217    .text.CUSTOM_HID_Init_FS  usbd_custom_hid_if.o
    0x08000988   0x08000988   0x000001aa   Code   RO          221    .text.CUSTOM_HID_OutEvent_FS  usbd_custom_hid_if.o
    0x08000b32   0x08000b32   0x00000002   PAD
    0x08000b34   0x08000b34   0x00000144   Code   RO          142    .text.Copy_upto     uartringbuffer.o
    0x08000c78   0x08000c78   0x00000002   Code   RO           55    .text.DebugMon_Handler  stm32f1xx_it.o
    0x08000c7a   0x08000c7a   0x00000002   PAD
    0x08000c7c   0x08000c7c   0x0000000a   Code   RO           23    .text.Error_Handler  main.o
    0x08000c86   0x08000c86   0x00000002   PAD
    0x08000c88   0x08000c88   0x00000028   Code   RO          496    .text.HAL_Delay     stm32f1xx_hal.o
    0x08000cb0   0x08000cb0   0x0000021a   Code   RO          588    .text.HAL_GPIO_Init  stm32f1xx_hal_gpio.o
    0x08000eca   0x08000eca   0x00000002   PAD
    0x08000ecc   0x08000ecc   0x0000000c   Code   RO          488    .text.HAL_GetTick   stm32f1xx_hal.o
    0x08000ed8   0x08000ed8   0x00000176   Code   RO          809    .text.HAL_I2C_Init  stm32f1xx_hal_i2c.o
    0x0800104e   0x0800104e   0x00000002   PAD
    0x08001050   0x08001050   0x0000034a   Code   RO          857    .text.HAL_I2C_Mem_Read  stm32f1xx_hal_i2c.o
    0x0800139a   0x0800139a   0x00000002   PAD
    0x0800139c   0x0800139c   0x00000158   Code   RO          853    .text.HAL_I2C_Mem_Write  stm32f1xx_hal_i2c.o
    0x080014f4   0x080014f4   0x00000062   Code   RO           74    .text.HAL_I2C_MspInit  stm32f1xx_hal_msp.o
    0x08001556   0x08001556   0x00000002   PAD
    0x08001558   0x08001558   0x0000001a   Code   RO          486    .text.HAL_IncTick   stm32f1xx_hal.o
    0x08001572   0x08001572   0x00000002   PAD
    0x08001574   0x08001574   0x00000026   Code   RO          476    .text.HAL_Init      stm32f1xx_hal.o
    0x0800159a   0x0800159a   0x00000002   PAD
    0x0800159c   0x0800159c   0x00000048   Code   RO          478    .text.HAL_InitTick  stm32f1xx_hal.o
    0x080015e4   0x080015e4   0x00000042   Code   RO           72    .text.HAL_MspInit   stm32f1xx_hal_msp.o
    0x08001626   0x08001626   0x00000002   PAD
    0x08001628   0x08001628   0x00000026   Code   RO          648    .text.HAL_NVIC_EnableIRQ  stm32f1xx_hal_cortex.o
    0x0800164e   0x0800164e   0x00000002   PAD
    0x08001650   0x08001650   0x00000056   Code   RO          646    .text.HAL_NVIC_SetPriority  stm32f1xx_hal_cortex.o
    0x080016a6   0x080016a6   0x00000002   PAD
    0x080016a8   0x080016a8   0x00000020   Code   RO          644    .text.HAL_NVIC_SetPriorityGrouping  stm32f1xx_hal_cortex.o
    0x080016c8   0x080016c8   0x0000002c   Code   RO          392    .text.HAL_PCDEx_PMAConfig  stm32f1xx_hal_pcd_ex.o
    0x080016f4   0x080016f4   0x00000002   Code   RO          294    .text.HAL_PCDEx_SetConnectionState  usbd_conf.o
    0x080016f6   0x080016f6   0x00000002   PAD
    0x080016f8   0x080016f8   0x00000010   Code   RO          242    .text.HAL_PCD_DataInStageCallback  usbd_conf.o
    0x08001708   0x08001708   0x00000012   Code   RO          240    .text.HAL_PCD_DataOutStageCallback  usbd_conf.o
    0x0800171a   0x0800171a   0x00000002   PAD
    0x0800171c   0x0800171c   0x0000004c   Code   RO          364    .text.HAL_PCD_EP_Close  stm32f1xx_hal_pcd.o
    0x08001768   0x08001768   0x00000060   Code   RO          374    .text.HAL_PCD_EP_ClrStall  stm32f1xx_hal_pcd.o
    0x080017c8   0x080017c8   0x00000064   Code   RO          362    .text.HAL_PCD_EP_Open  stm32f1xx_hal_pcd.o
    0x0800182c   0x0800182c   0x0000002e   Code   RO          366    .text.HAL_PCD_EP_Receive  stm32f1xx_hal_pcd.o
    0x0800185a   0x0800185a   0x00000002   PAD
    0x0800185c   0x0800185c   0x00000072   Code   RO          372    .text.HAL_PCD_EP_SetStall  stm32f1xx_hal_pcd.o
    0x080018ce   0x080018ce   0x00000002   PAD
    0x080018d0   0x080018d0   0x00000028   Code   RO          370    .text.HAL_PCD_EP_Transmit  stm32f1xx_hal_pcd.o
    0x080018f8   0x080018f8   0x0000048a   Code   RO          332    .text.HAL_PCD_IRQHandler  stm32f1xx_hal_pcd.o
    0x08001d82   0x08001d82   0x00000002   PAD
    0x08001d84   0x08001d84   0x000000e4   Code   RO          320    .text.HAL_PCD_Init  stm32f1xx_hal_pcd.o
    0x08001e68   0x08001e68   0x00000046   Code   RO          234    .text.HAL_PCD_MspInit  usbd_conf.o
    0x08001eae   0x08001eae   0x00000002   PAD
    0x08001eb0   0x08001eb0   0x0000001a   Code   RO          246    .text.HAL_PCD_ResetCallback  usbd_conf.o
    0x08001eca   0x08001eca   0x00000002   PAD
    0x08001ecc   0x08001ecc   0x00000008   Code   RO          250    .text.HAL_PCD_ResumeCallback  usbd_conf.o
    0x08001ed4   0x08001ed4   0x00000008   Code   RO          244    .text.HAL_PCD_SOFCallback  usbd_conf.o
    0x08001edc   0x08001edc   0x00000028   Code   RO          336    .text.HAL_PCD_SetAddress  stm32f1xx_hal_pcd.o
    0x08001f04   0x08001f04   0x0000000e   Code   RO          238    .text.HAL_PCD_SetupStageCallback  usbd_conf.o
    0x08001f12   0x08001f12   0x00000002   PAD
    0x08001f14   0x08001f14   0x00000032   Code   RO          330    .text.HAL_PCD_Start  stm32f1xx_hal_pcd.o
    0x08001f46   0x08001f46   0x00000002   PAD
    0x08001f48   0x08001f48   0x00000026   Code   RO          248    .text.HAL_PCD_SuspendCallback  usbd_conf.o
    0x08001f6e   0x08001f6e   0x00000002   PAD
    0x08001f70   0x08001f70   0x0000010a   Code   RO          574    .text.HAL_RCCEx_PeriphCLKConfig  stm32f1xx_hal_rcc_ex.o
    0x0800207a   0x0800207a   0x00000002   PAD
    0x0800207c   0x0800207c   0x000001be   Code   RO          540    .text.HAL_RCC_ClockConfig  stm32f1xx_hal_rcc.o
    0x0800223a   0x0800223a   0x00000002   PAD
    0x0800223c   0x0800223c   0x00000026   Code   RO          552    .text.HAL_RCC_GetPCLK1Freq  stm32f1xx_hal_rcc.o
    0x08002262   0x08002262   0x00000002   PAD
    0x08002264   0x08002264   0x00000026   Code   RO          554    .text.HAL_RCC_GetPCLK2Freq  stm32f1xx_hal_rcc.o
    0x0800228a   0x0800228a   0x00000002   PAD
    0x0800228c   0x0800228c   0x000003b4   Code   RO          538    .text.HAL_RCC_OscConfig  stm32f1xx_hal_rcc.o
    0x08002640   0x08002640   0x0000002c   Code   RO          656    .text.HAL_SYSTICK_Config  stm32f1xx_hal_cortex.o
    0x0800266c   0x0800266c   0x000000e2   Code   RO          949    .text.HAL_UART_Init  stm32f1xx_hal_uart.o
    0x0800274e   0x0800274e   0x00000002   PAD
    0x08002750   0x08002750   0x00000086   Code   RO           78    .text.HAL_UART_MspInit  stm32f1xx_hal_msp.o
    0x080027d6   0x080027d6   0x00000002   PAD
    0x080027d8   0x080027d8   0x00000002   Code   RO           45    .text.HardFault_Handler  stm32f1xx_it.o
    0x080027da   0x080027da   0x00000002   PAD
    0x080027dc   0x080027dc   0x00000118   Code   RO          859    .text.I2C_RequestMemoryRead  stm32f1xx_hal_i2c.o
    0x080028f4   0x080028f4   0x000000c8   Code   RO          855    .text.I2C_RequestMemoryWrite  stm32f1xx_hal_i2c.o
    0x080029bc   0x080029bc   0x000000be   Code   RO          823    .text.I2C_WaitOnBTFFlagUntilTimeout  stm32f1xx_hal_i2c.o
    0x08002a7a   0x08002a7a   0x00000002   PAD
    0x08002a7c   0x08002a7c   0x000001d2   Code   RO          819    .text.I2C_WaitOnFlagUntilTimeout  stm32f1xx_hal_i2c.o
    0x08002c4e   0x08002c4e   0x00000002   PAD
    0x08002c50   0x08002c50   0x000000e0   Code   RO          937    .text.I2C_WaitOnMasterAddressFlagUntilTimeout  stm32f1xx_hal_i2c.o
    0x08002d30   0x08002d30   0x00000090   Code   RO          827    .text.I2C_WaitOnRXNEFlagUntilTimeout  stm32f1xx_hal_i2c.o
    0x08002dc0   0x08002dc0   0x000000be   Code   RO          821    .text.I2C_WaitOnTXEFlagUntilTimeout  stm32f1xx_hal_i2c.o
    0x08002e7e   0x08002e7e   0x00000002   PAD
    0x08002e80   0x08002e80   0x000000a0   Code   RO          161    .text.MPU6050_Init  mpu6050.o
    0x08002f20   0x08002f20   0x00000092   Code   RO          163    .text.MPU6050_Read_Accel  mpu6050.o
    0x08002fb2   0x08002fb2   0x00000002   PAD
    0x08002fb4   0x08002fb4   0x00000094   Code   RO          165    .text.MPU6050_Read_Gyro  mpu6050.o
    0x08003048   0x08003048   0x00000040   Code   RO          182    .text.MX_USB_DEVICE_Init  usb_device.o
    0x08003088   0x08003088   0x00000002   Code   RO           47    .text.MemManage_Handler  stm32f1xx_it.o
    0x0800308a   0x0800308a   0x00000002   PAD
    0x0800308c   0x0800308c   0x00000002   Code   RO           43    .text.NMI_Handler   stm32f1xx_it.o
    0x0800308e   0x0800308e   0x00000002   PAD
    0x08003090   0x08003090   0x00000002   Code   RO           57    .text.PendSV_Handler  stm32f1xx_it.o
    0x08003092   0x08003092   0x00000002   PAD
    0x08003094   0x08003094   0x00000038   Code   RO          124    .text.Ringbuf_init  uartringbuffer.o
    0x080030cc   0x080030cc   0x00000002   Code   RO           53    .text.SVC_Handler   stm32f1xx_it.o
    0x080030ce   0x080030ce   0x00000002   PAD
    0x080030d0   0x080030d0   0x00000016   Code   RO           59    .text.SysTick_Handler  stm32f1xx_it.o
    0x080030e6   0x080030e6   0x00000002   PAD
    0x080030e8   0x080030e8   0x00000002   Code   RO         1069    .text.SystemInit    system_stm32f1xx.o
    0x080030ea   0x080030ea   0x00000002   PAD
    0x080030ec   0x080030ec   0x0000000c   Code   RO           63    .text.USART2_IRQHandler  stm32f1xx_it.o
    0x080030f8   0x080030f8   0x0000000e   Code   RO         1183    .text.USBD_CUSTOM_HID_DataIn  usbd_customhid.o
    0x08003106   0x08003106   0x00000002   PAD
    0x08003108   0x08003108   0x00000024   Code   RO         1185    .text.USBD_CUSTOM_HID_DataOut  usbd_customhid.o
    0x0800312c   0x0800312c   0x00000032   Code   RO         1177    .text.USBD_CUSTOM_HID_DeInit  usbd_customhid.o
    0x0800315e   0x0800315e   0x00000002   PAD
    0x08003160   0x08003160   0x00000020   Code   RO         1181    .text.USBD_CUSTOM_HID_EP0_RxReady  usbd_customhid.o
    0x08003180   0x08003180   0x00000010   Code   RO         1187    .text.USBD_CUSTOM_HID_GetCfgDesc  usbd_customhid.o
    0x08003190   0x08003190   0x00000010   Code   RO         1189    .text.USBD_CUSTOM_HID_GetDeviceQualifierDesc  usbd_customhid.o
    0x080031a0   0x080031a0   0x00000048   Code   RO         1175    .text.USBD_CUSTOM_HID_Init  usbd_customhid.o
    0x080031e8   0x080031e8   0x0000000e   Code   RO         1193    .text.USBD_CUSTOM_HID_RegisterInterface  usbd_customhid.o
    0x080031f6   0x080031f6   0x00000002   PAD
    0x080031f8   0x080031f8   0x0000002e   Code   RO         1191    .text.USBD_CUSTOM_HID_SendReport  usbd_customhid.o
    0x08003226   0x08003226   0x00000002   PAD
    0x08003228   0x08003228   0x000000ec   Code   RO         1179    .text.USBD_CUSTOM_HID_Setup  usbd_customhid.o
    0x08003314   0x08003314   0x0000000e   Code   RO         1098    .text.USBD_ClrClassConfig  usbd_core.o
    0x08003322   0x08003322   0x00000002   PAD
    0x08003324   0x08003324   0x00000010   Code   RO         1159    .text.USBD_CtlContinueRx  usbd_ioreq.o
    0x08003334   0x08003334   0x00000010   Code   RO         1155    .text.USBD_CtlContinueSendData  usbd_ioreq.o
    0x08003344   0x08003344   0x00000016   Code   RO         1134    .text.USBD_CtlError  usbd_ctlreq.o
    0x0800335a   0x0800335a   0x00000002   PAD
    0x0800335c   0x0800335c   0x0000001a   Code   RO         1157    .text.USBD_CtlPrepareRx  usbd_ioreq.o
    0x08003376   0x08003376   0x00000002   PAD
    0x08003378   0x08003378   0x00000016   Code   RO         1163    .text.USBD_CtlReceiveStatus  usbd_ioreq.o
    0x0800338e   0x0800338e   0x00000002   PAD
    0x08003390   0x08003390   0x0000001a   Code   RO         1153    .text.USBD_CtlSendData  usbd_ioreq.o
    0x080033aa   0x080033aa   0x00000002   PAD
    0x080033ac   0x080033ac   0x00000016   Code   RO         1161    .text.USBD_CtlSendStatus  usbd_ioreq.o
    0x080033c2   0x080033c2   0x00000002   PAD
    0x080033c4   0x080033c4   0x0000002c   Code   RO          201    .text.USBD_FS_ConfigStrDescriptor  usbd_desc.o
    0x080033f0   0x080033f0   0x0000000e   Code   RO          191    .text.USBD_FS_DeviceDescriptor  usbd_desc.o
    0x080033fe   0x080033fe   0x00000002   PAD
    0x08003400   0x08003400   0x00000030   Code   RO          203    .text.USBD_FS_InterfaceStrDescriptor  usbd_desc.o
    0x08003430   0x08003430   0x0000000e   Code   RO          193    .text.USBD_FS_LangIDStrDescriptor  usbd_desc.o
    0x0800343e   0x0800343e   0x00000002   PAD
    0x08003440   0x08003440   0x0000002c   Code   RO          195    .text.USBD_FS_ManufacturerStrDescriptor  usbd_desc.o
    0x0800346c   0x0800346c   0x00000024   Code   RO          197    .text.USBD_FS_ProductStrDescriptor  usbd_desc.o
    0x08003490   0x08003490   0x00000028   Code   RO          199    .text.USBD_FS_SerialStrDescriptor  usbd_desc.o
    0x080034b8   0x080034b8   0x000000da   Code   RO         1142    .text.USBD_GetString  usbd_ctlreq.o
    0x08003592   0x08003592   0x00000002   PAD
    0x08003594   0x08003594   0x00000030   Code   RO         1084    .text.USBD_Init     usbd_core.o
    0x080035c4   0x080035c4   0x00000022   Code   RO          276    .text.USBD_LL_ClearStallEP  usbd_conf.o
    0x080035e6   0x080035e6   0x00000002   PAD
    0x080035e8   0x080035e8   0x00000022   Code   RO          270    .text.USBD_LL_CloseEP  usbd_conf.o
    0x0800360a   0x0800360a   0x00000002   PAD
    0x0800360c   0x0800360c   0x000000b2   Code   RO         1104    .text.USBD_LL_DataInStage  usbd_core.o
    0x080036be   0x080036be   0x00000002   PAD
    0x080036c0   0x080036c0   0x0000006a   Code   RO         1102    .text.USBD_LL_DataOutStage  usbd_core.o
    0x0800372a   0x0800372a   0x00000002   PAD
    0x0800372c   0x0800372c   0x000000a0   Code   RO          260    .text.USBD_LL_Init  usbd_conf.o
    0x080037cc   0x080037cc   0x0000001e   Code   RO          278    .text.USBD_LL_IsStallEP  usbd_conf.o
    0x080037ea   0x080037ea   0x00000002   PAD
    0x080037ec   0x080037ec   0x00000028   Code   RO          268    .text.USBD_LL_OpenEP  usbd_conf.o
    0x08003814   0x08003814   0x00000022   Code   RO          284    .text.USBD_LL_PrepareReceive  usbd_conf.o
    0x08003836   0x08003836   0x00000002   PAD
    0x08003838   0x08003838   0x0000003e   Code   RO         1106    .text.USBD_LL_Reset  usbd_core.o
    0x08003876   0x08003876   0x00000002   PAD
    0x08003878   0x08003878   0x0000000e   Code   RO         1112    .text.USBD_LL_Resume  usbd_core.o
    0x08003886   0x08003886   0x00000002   PAD
    0x08003888   0x08003888   0x0000001a   Code   RO         1114    .text.USBD_LL_SOF   usbd_core.o
    0x080038a2   0x080038a2   0x00000002   PAD
    0x080038a4   0x080038a4   0x00000008   Code   RO         1108    .text.USBD_LL_SetSpeed  usbd_core.o
    0x080038ac   0x080038ac   0x00000022   Code   RO          280    .text.USBD_LL_SetUSBAddress  usbd_conf.o
    0x080038ce   0x080038ce   0x00000002   PAD
    0x080038d0   0x080038d0   0x00000062   Code   RO         1100    .text.USBD_LL_SetupStage  usbd_core.o
    0x08003932   0x08003932   0x00000002   PAD
    0x08003934   0x08003934   0x00000022   Code   RO          274    .text.USBD_LL_StallEP  usbd_conf.o
    0x08003956   0x08003956   0x00000002   PAD
    0x08003958   0x08003958   0x00000022   Code   RO          264    .text.USBD_LL_Start  usbd_conf.o
    0x0800397a   0x0800397a   0x00000002   PAD
    0x0800397c   0x0800397c   0x00000014   Code   RO         1110    .text.USBD_LL_Suspend  usbd_core.o
    0x08003990   0x08003990   0x00000022   Code   RO          282    .text.USBD_LL_Transmit  usbd_conf.o
    0x080039b2   0x080039b2   0x00000002   PAD
    0x080039b4   0x080039b4   0x00000016   Code   RO         1140    .text.USBD_ParseSetupRequest  usbd_ctlreq.o
    0x080039ca   0x080039ca   0x00000002   PAD
    0x080039cc   0x080039cc   0x0000000e   Code   RO         1088    .text.USBD_RegisterClass  usbd_core.o
    0x080039da   0x080039da   0x00000002   PAD
    0x080039dc   0x080039dc   0x0000001c   Code   RO         1096    .text.USBD_SetClassConfig  usbd_core.o
    0x080039f8   0x080039f8   0x0000000a   Code   RO         1090    .text.USBD_Start    usbd_core.o
    0x08003a02   0x08003a02   0x00000002   PAD
    0x08003a04   0x08003a04   0x00000298   Code   RO         1132    .text.USBD_StdDevReq  usbd_ctlreq.o
    0x08003c9c   0x08003c9c   0x0000010e   Code   RO         1138    .text.USBD_StdEPReq  usbd_ctlreq.o
    0x08003daa   0x08003daa   0x00000002   PAD
    0x08003dac   0x08003dac   0x0000005c   Code   RO         1136    .text.USBD_StdItfReq  usbd_ctlreq.o
    0x08003e08   0x08003e08   0x00000002   Code   RO          292    .text.USBD_static_free  usbd_conf.o
    0x08003e0a   0x08003e0a   0x00000002   PAD
    0x08003e0c   0x08003e0c   0x0000000a   Code   RO          290    .text.USBD_static_malloc  usbd_conf.o
    0x08003e16   0x08003e16   0x00000002   PAD
    0x08003e18   0x08003e18   0x00000238   Code   RO          424    .text.USB_ActivateEndpoint  stm32f1xx_ll_usb.o
    0x08004050   0x08004050   0x00000004   Code   RO          408    .text.USB_CoreInit  stm32f1xx_ll_usb.o
    0x08004054   0x08004054   0x000000e2   Code   RO          426    .text.USB_DeactivateEndpoint  stm32f1xx_ll_usb.o
    0x08004136   0x08004136   0x00000002   PAD
    0x08004138   0x08004138   0x00000004   Code   RO          444    .text.USB_DevConnect  stm32f1xx_ll_usb.o
    0x0800413c   0x0800413c   0x00000004   Code   RO          446    .text.USB_DevDisconnect  stm32f1xx_ll_usb.o
    0x08004140   0x08004140   0x00000026   Code   RO          416    .text.USB_DevInit   stm32f1xx_ll_usb.o
    0x08004166   0x08004166   0x00000002   PAD
    0x08004168   0x08004168   0x00000014   Code   RO          412    .text.USB_DisableGlobalInt  stm32f1xx_ll_usb.o
    0x0800417c   0x0800417c   0x00000004   Code   RO          460    .text.USB_EP0_OutStart  stm32f1xx_ll_usb.o
    0x08004180   0x08004180   0x0000007c   Code   RO          438    .text.USB_EPClearStall  stm32f1xx_ll_usb.o
    0x080041fc   0x080041fc   0x00000032   Code   RO          436    .text.USB_EPSetStall  stm32f1xx_ll_usb.o
    0x0800422e   0x0800422e   0x00000002   PAD
    0x08004230   0x08004230   0x000002aa   Code   RO          428    .text.USB_EPStartXfer  stm32f1xx_ll_usb.o
    0x080044da   0x080044da   0x00000002   PAD
    0x080044dc   0x080044dc   0x00000012   Code   RO          410    .text.USB_EnableGlobalInt  stm32f1xx_ll_usb.o
    0x080044ee   0x080044ee   0x00000002   PAD
    0x080044f0   0x080044f0   0x0000000c   Code   RO           61    .text.USB_LP_CAN1_RX0_IRQHandler  stm32f1xx_it.o
    0x080044fc   0x080044fc   0x00000006   Code   RO          448    .text.USB_ReadInterrupts  stm32f1xx_ll_usb.o
    0x08004502   0x08004502   0x00000002   PAD
    0x08004504   0x08004504   0x000000a0   Code   RO          466    .text.USB_ReadPMA   stm32f1xx_ll_usb.o
    0x080045a4   0x080045a4   0x00000004   Code   RO          414    .text.USB_SetCurrentMode  stm32f1xx_ll_usb.o
    0x080045a8   0x080045a8   0x0000000e   Code   RO          442    .text.USB_SetDevAddress  stm32f1xx_ll_usb.o
    0x080045b6   0x080045b6   0x00000002   PAD
    0x080045b8   0x080045b8   0x00000082   Code   RO          148    .text.Uart_isr      uartringbuffer.o
    0x0800463a   0x0800463a   0x00000002   PAD
    0x0800463c   0x0800463c   0x00000002   Code   RO           51    .text.UsageFault_Handler  stm32f1xx_it.o
    0x0800463e   0x0800463e   0x00000002   PAD
    0x08004640   0x08004640   0x00000124   Code   RO          146    .text.Wait_for      uartringbuffer.o
    0x08004764   0x08004764   0x00000796   Code   RO          110    .text.decodeGGA     nmea.o
    0x08004efa   0x08004efa   0x00000002   PAD
    0x08004efc   0x08004efc   0x000004e6   Code   RO          112    .text.decodeRMC     nmea.o
    0x080053e2   0x080053e2   0x00000002   PAD
    0x080053e4   0x080053e4   0x00000344   Code   RO           19    .text.main          main.o
    0x08005728   0x08005728   0x00000028   Code   RO         1453    i.__0sprintf        mc_w.l(printfa.o)
    0x08005750   0x08005750   0x00000028   Code   RO         1509    i.__ARM_fpclassify  m_ws.l(fpclassify.o)
    0x08005778   0x08005778   0x00000008   Code   RO         1554    i.__aeabi_errno_addr  mc_w.l(errno.o)
    0x08005780   0x08005780   0x000000aa   Code   RO         1511    i.__kernel_poly     m_ws.l(poly.o)
    0x0800582a   0x0800582a   0x00000002   PAD
    0x0800582c   0x0800582c   0x00000010   Code   RO         1495    i.__mathlib_dbl_divzero  m_ws.l(dunder.o)
    0x0800583c   0x0800583c   0x00000004   Code   RO         1497    i.__mathlib_dbl_infnan2  m_ws.l(dunder.o)
    0x08005840   0x08005840   0x0000000c   Code   RO         1498    i.__mathlib_dbl_invalid  m_ws.l(dunder.o)
    0x0800584c   0x0800584c   0x0000000e   Code   RO         1499    i.__mathlib_dbl_overflow  m_ws.l(dunder.o)
    0x0800585a   0x0800585a   0x00000002   PAD
    0x0800585c   0x0800585c   0x00000010   Code   RO         1501    i.__mathlib_dbl_underflow  m_ws.l(dunder.o)
    0x0800586c   0x0800586c   0x0000000e   Code   RO         1616    i.__scatterload_copy  mc_w.l(handlers.o)
    0x0800587a   0x0800587a   0x00000002   Code   RO         1617    i.__scatterload_null  mc_w.l(handlers.o)
    0x0800587c   0x0800587c   0x0000000e   Code   RO         1618    i.__scatterload_zeroinit  mc_w.l(handlers.o)
    0x0800588a   0x0800588a   0x00000002   PAD
    0x0800588c   0x0800588c   0x0000000c   Code   RO         1556    i.__set_errno       mc_w.l(errno.o)
    0x08005898   0x08005898   0x00000184   Code   RO         1458    i._fp_digits        mc_w.l(printfa.o)
    0x08005a1c   0x08005a1c   0x000006dc   Code   RO         1459    i._printf_core      mc_w.l(printfa.o)
    0x080060f8   0x080060f8   0x00000024   Code   RO         1460    i._printf_post_padding  mc_w.l(printfa.o)
    0x0800611c   0x0800611c   0x0000002e   Code   RO         1461    i._printf_pre_padding  mc_w.l(printfa.o)
    0x0800614a   0x0800614a   0x0000000a   Code   RO         1463    i._sputc            mc_w.l(printfa.o)
    0x08006154   0x08006154   0x000009ec   Code   RO         1207    i.pow               m_ws.l(pow.o)
    0x08006b40   0x08006b40   0x0000004c   Code   RO         1515    i.sqrt              m_ws.l(sqrt.o)
    0x08006b8c   0x08006b8c   0x00000004   PAD
    0x08006b90   0x08006b90   0x00000088   Data   RO         1208    .constdata          m_ws.l(pow.o)
    0x08006c18   0x08006c18   0x00000008   Data   RO         1513    .constdata          m_ws.l(qnan.o)
    0x08006c20   0x08006c20   0x00000081   Data   RO         1580    .constdata          mc_w.l(ctype_o.o)
    0x08006ca1   0x08006ca1   0x00000003   PAD
    0x08006ca4   0x08006ca4   0x00000004   Data   RO         1581    .constdata          mc_w.l(ctype_o.o)
    0x08006ca8   0x08006ca8   0x00000010   Data   RO         1074    .rodata.AHBPrescTable  system_stm32f1xx.o
    0x08006cb8   0x08006cb8   0x00000008   Data   RO         1075    .rodata.APBPrescTable  system_stm32f1xx.o
    0x08006cc0   0x08006cc0   0x00000002   Data   RO          565    .rodata.HAL_RCC_GetSysClockFreq.aPredivFactorTable  stm32f1xx_hal_rcc.o
    0x08006cc2   0x08006cc2   0x00000010   Data   RO          564    .rodata.cst16       stm32f1xx_hal_rcc.o
    0x08006cd2   0x08006cd2   0x0000002a   Data   RO           26    .rodata.str1.1      main.o
    0x08006cfc   0x08006cfc   0x00000020   Data   RO         1615    Region$$Table       anon$$obj.o


    Execution Region RW_IRAM1 (Exec base: 0x20000000, Load base: 0x08006d20, Size: 0x000010e8, Max: 0x00005000, ABSOLUTE)

    Exec Addr    Load Addr    Size         Type   Attr      Idx    E Section Name        Object

    0x20000000   0x08006d20   0x00000004   Data   RW         1557    .data               mc_w.l(errno.o)
    0x20000004   0x08006d24   0x00000008   Data   RW          527    .data..L_MergedGlobals  stm32f1xx_hal.o
    0x2000000c   0x08006d2c   0x0000001c   Data   RW          223    .data.CUSTOM_HID_ReportDesc_FS  usbd_custom_hid_if.o
    0x20000028   0x08006d48   0x0000001c   Data   RW          205    .data.FS_Desc       usbd_desc.o
    0x20000044   0x08006d64   0x00000004   Data   RW          114    .data.GMT           nmea.o
    0x20000048   0x08006d68   0x00000004   Data   RW         1073    .data.SystemCoreClock  system_stm32f1xx.o
    0x2000004c   0x08006d6c   0x0000003c   Data   RW         1195    .data.USBD_CUSTOM_HID  usbd_customhid.o
    0x20000088   0x08006da8   0x00000029   Data   RW         1197    .data.USBD_CUSTOM_HID_CfgDesc  usbd_customhid.o
    0x200000b1   0x08006dd1   0x00000003   PAD
    0x200000b4   0x08006dd4   0x00000009   Data   RW         1196    .data.USBD_CUSTOM_HID_Desc  usbd_customhid.o
    0x200000bd   0x08006ddd   0x00000003   PAD
    0x200000c0   0x08006de0   0x0000000a   Data   RW         1198    .data.USBD_CUSTOM_HID_DeviceQualifierDesc  usbd_customhid.o
    0x200000ca   0x08006dea   0x00000002   PAD
    0x200000cc   0x08006dec   0x00000010   Data   RW          224    .data.USBD_CustomHID_fops_FS  usbd_custom_hid_if.o
    0x200000dc   0x08006dfc   0x00000012   Data   RW          206    .data.USBD_FS_DeviceDesc  usbd_desc.o
    0x200000ee   0x08006e0e   0x00000002   PAD
    0x200000f0   0x08006e10   0x00000004   Data   RW          207    .data.USBD_LangIDDesc  usbd_desc.o
    0x200000f4   0x08006e14   0x00000004   PAD
    0x200000f8        -       0x0000004c   Zero   RW           34    .bss..L_MergedGlobals  main.o
    0x20000144        -       0x0000001c   Zero   RW          115    .bss..L_MergedGlobals  nmea.o
    0x20000160        -       0x0000000c   Zero   RW          152    .bss..L_MergedGlobals  uartringbuffer.o
    0x2000016c        -       0x00000028   Zero   RW          173    .bss..L_MergedGlobals  mpu6050.o
    0x20000194        -       0x00000064   Zero   RW           28    .bss.GGA            main.o
    0x200001f8        -       0x00000064   Zero   RW           30    .bss.RMC            main.o
    0x2000025c        -       0x00000001   Zero   RW         1144    .bss.USBD_SetConfig.cfgidx  usbd_ctlreq.o
    0x2000025d   0x08006e14   0x00000003   PAD
    0x20000260        -       0x00000020   Zero   RW          208    .bss.USBD_StrDesc   usbd_desc.o
    0x20000280        -       0x0000005c   Zero   RW          297    .bss.USBD_static_malloc.mem  usbd_conf.o
    0x200002dc        -       0x00000041   Zero   RW          225    .bss.USB_RX_Buffer  usbd_custom_hid_if.o
    0x2000031d   0x08006e14   0x00000003   PAD
    0x20000320        -       0x00000044   Zero   RW           29    .bss.gpsData        main.o
    0x20000364        -       0x00000224   Zero   RW          184    .bss.hUsbDeviceFS   usb_device.o
    0x20000588        -       0x00000054   Zero   RW           31    .bss.hi2c1          main.o
    0x200005dc        -       0x0000026c   Zero   RW          296    .bss.hpcd_USB_FS    usbd_conf.o
    0x20000848        -       0x00000048   Zero   RW           32    .bss.huart2         main.o
    0x20000890        -       0x00000040   Zero   RW           27    .bss.packet         main.o
    0x200008d0        -       0x00000208   Zero   RW          150    .bss.rx_buffer      uartringbuffer.o
    0x20000ad8        -       0x00000208   Zero   RW          151    .bss.tx_buffer      uartringbuffer.o
    0x20000ce0        -       0x00000004   Zero   RW          526    .bss.uwTick         stm32f1xx_hal.o
    0x20000ce4   0x08006e14   0x00000004   PAD
    0x20000ce8        -       0x00000400   Zero   RW            1    STACK               startup_stm32f103xb.o


==============================================================================

Image component sizes


      Code (inc. data)   RO Data    RW Data    ZI Data      Debug   Object Name

       846          0         42          0        564      12439   main.o
       454          0          0          0         40       2843   mpu6050.o
      3196          0          0          4         28       6324   nmea.o
        36          8        236          0       1024        780   startup_stm32f103xb.o
       188          0          0          8          4       5734   stm32f1xx_hal.o
       200          0          0          0          0       8492   stm32f1xx_hal_cortex.o
       538         22          0          0          0       4562   stm32f1xx_hal_gpio.o
      3254          0          0          0          0      42544   stm32f1xx_hal_i2c.o
       298          0          0          0          0       7327   stm32f1xx_hal_msp.o
      1952          0          0          0          0      12192   stm32f1xx_hal_pcd.o
        44          0          0          0          0       4055   stm32f1xx_hal_pcd_ex.o
      1470          0         18          0          0       7664   stm32f1xx_hal_rcc.o
       266          0          0          0          0       3565   stm32f1xx_hal_rcc_ex.o
       226          0          0          0          0      32323   stm32f1xx_hal_uart.o
        62          0          0          0          0       5873   stm32f1xx_it.o
      1926          6          0          0          0      15462   stm32f1xx_ll_usb.o
         2          0         24          4          0       1614   system_stm32f1xx.o
       802          0          0          0       1052      10415   uartringbuffer.o
        64          0          0          0        548       2906   usb_device.o
       680         36          0          0        712      15088   usbd_conf.o
       626          0          0          0          0       7255   usbd_core.o
      1288         36          0          0          1       7785   usbd_ctlreq.o
       434          0          0         44         65       3263   usbd_custom_hid_if.o
       532         10          0        120          0       7334   usbd_customhid.o
       240         92          0         50         32       2898   usbd_desc.o
       128          0          0          0          0       4376   usbd_ioreq.o

    ----------------------------------------------------------------------
     19920        210        352        240       4084     235113   Object Totals
         0          0         32          0          0          0   (incl. Generated)
       168          0          0         10         14          0   (incl. Padding)

    ----------------------------------------------------------------------

      Code (inc. data)   RO Data    RW Data    ZI Data      Debug   Library Member Name

        62         10          0          0          0        340   dunder.o
        40          0          0          0          0         68   fpclassify.o
       170          0          0          0          0         96   poly.o
      2540        188        136          0          0        332   pow.o
         0          0          8          0          0          0   qnan.o
        76          0          0          0          0         84   sqrt.o
        28          0          0          0          0         68   _chval.o
       158          0          0          0          0         92   _strtoul.o
        26          0          0          0          0         80   atoi.o
         8          4        133          0          0         68   ctype_o.o
         0          0          0          0          0          0   entry.o
         0          0          0          0          0          0   entry10a.o
         0          0          0          0          0          0   entry11a.o
         8          4          0          0          0          0   entry2.o
         4          0          0          0          0          0   entry5.o
         0          0          0          0          0          0   entry7b.o
         0          0          0          0          0          0   entry8b.o
         8          4          0          0          0          0   entry9a.o
        20         10          0          4          0        136   errno.o
        30          0          0          0          0          0   handlers.o
        36          8          0          0          0         68   init.o
         0          0          0          0          0          0   iusefp.o
        30          0          0          0          0         68   llshl.o
        36          0          0          0          0         68   llsshr.o
        32          0          0          0          0         68   llushr.o
      2276         86          0          0          0        520   printfa.o
        14          0          0          0          0         68   strlen.o
       112          0          0          0          0         88   strtol.o
        44          0          0          0          0         80   uidiv.o
        98          0          0          0          0         92   uldiv.o
        48          0          0          0          0         68   cdrcmple.o
        56          0          0          0          0         88   d2f.o
       334          0          0          0          0        148   dadd.o
       222          0          0          0          0        100   ddiv.o
       186          0          0          0          0        176   depilogue.o
        48          0          0          0          0         68   dfixul.o
        34          0          0          0          0         76   dflti.o
       228          0          0          0          0         96   dmul.o
        46          0          0          0          0         80   dscalb.o
       162          0          0          0          0        100   dsqrt.o
        38          0          0          0          0         68   f2d.o
       110          0          0          0          0        168   fepilogue.o

    ----------------------------------------------------------------------
      7380        314        280          4          0       3720   Library Totals
        12          0          3          0          0          0   (incl. Padding)

    ----------------------------------------------------------------------

      Code (inc. data)   RO Data    RW Data    ZI Data      Debug   Library Name

      2888        198        144          0          0        920   m_ws.l
      2968        116        133          4          0       1564   mc_w.l
      1512          0          0          0          0       1236   mf_w.l

    ----------------------------------------------------------------------
      7380        314        280          4          0       3720   Library Totals

    ----------------------------------------------------------------------

==============================================================================


      Code (inc. data)   RO Data    RW Data    ZI Data      Debug   

     27300        524        632        244       4084     236581   Grand Totals
     27300        524        632        244       4084     236581   ELF Image Totals
     27300        524        632        244          0          0   ROM Totals

==============================================================================

    Total RO  Size (Code + RO Data)                27932 (  27.28kB)
    Total RW  Size (RW Data + ZI Data)              4328 (   4.23kB)
    Total ROM Size (Code + RO Data + RW Data)      28176 (  27.52kB)

==============================================================================

